Archive member included because of file (symbol)

/usr/local/ARMTools/gcc-arm-none-eabi-4_9-2015q1/bin/../lib/gcc/arm-none-eabi/4.9.3/armv7e-m/libgcc.a(_arm_addsubsf3.o)
                              ./src/bsp/lis3dsh.o (__aeabi_i2f)
/usr/local/ARMTools/gcc-arm-none-eabi-4_9-2015q1/bin/../lib/gcc/arm-none-eabi/4.9.3/armv7e-m/libgcc.a(_arm_muldivsf3.o)
                              ./src/bsp/lis3dsh.o (__aeabi_fmul)
/usr/local/ARMTools/gcc-arm-none-eabi-4_9-2015q1/bin/../lib/gcc/arm-none-eabi/4.9.3/armv7e-m/libgcc.a(_arm_fixsfsi.o)
                              ./src/bsp/lis3dsh.o (__aeabi_f2iz)
/usr/local/ARMTools/gcc-arm-none-eabi-4_9-2015q1/bin/../lib/gcc/arm-none-eabi/4.9.3/../../../../arm-none-eabi/lib/armv7e-m/libg_nano.a(lib_a-errno.o)
                              ./system/src/newlib/_sbrk.o (__errno)
/usr/local/ARMTools/gcc-arm-none-eabi-4_9-2015q1/bin/../lib/gcc/arm-none-eabi/4.9.3/../../../../arm-none-eabi/lib/armv7e-m/libg_nano.a(lib_a-impure.o)
                              /usr/local/ARMTools/gcc-arm-none-eabi-4_9-2015q1/bin/../lib/gcc/arm-none-eabi/4.9.3/../../../../arm-none-eabi/lib/armv7e-m/libg_nano.a(lib_a-errno.o) (_impure_ptr)

Allocating common symbols
Common symbol       size              file

errno               0x4               ./system/src/newlib/_syscalls.o
UART_MyHandle       0x3c              ./src/main_chisel.o
pFlash              0x1c              ./system/src/stm32f4-hal/stm32f4xx_hal_flash.o
GPIO_InitStruct     0x14              ./src/lcd/lib_S1D15705_m.o
sLcdBuffor          0x515             ./src/lcd/lib_S1D15705_m.o

Discarded input sections

 .text          0x00000000        0x0 ./system/src/stm32f4-hal/stm32f4xx_hal.o
 .data          0x00000000        0x0 ./system/src/stm32f4-hal/stm32f4xx_hal.o
 .bss           0x00000000        0x0 ./system/src/stm32f4-hal/stm32f4xx_hal.o
 .text.HAL_MspInit
                0x00000000        0x2 ./system/src/stm32f4-hal/stm32f4xx_hal.o
 .text.HAL_MspDeInit
                0x00000000        0x2 ./system/src/stm32f4-hal/stm32f4xx_hal.o
 .text.HAL_DeInit
                0x00000000       0x2c ./system/src/stm32f4-hal/stm32f4xx_hal.o
 .text.HAL_Delay
                0x00000000       0x1a ./system/src/stm32f4-hal/stm32f4xx_hal.o
 .text.HAL_SuspendTick
                0x00000000       0x10 ./system/src/stm32f4-hal/stm32f4xx_hal.o
 .text.HAL_ResumeTick
                0x00000000       0x10 ./system/src/stm32f4-hal/stm32f4xx_hal.o
 .text.HAL_GetHalVersion
                0x00000000        0x8 ./system/src/stm32f4-hal/stm32f4xx_hal.o
 .text.HAL_GetREVID
                0x00000000        0xc ./system/src/stm32f4-hal/stm32f4xx_hal.o
 .text.HAL_GetDEVID
                0x00000000       0x10 ./system/src/stm32f4-hal/stm32f4xx_hal.o
 .text.HAL_EnableDBGSleepMode
                0x00000000       0x10 ./system/src/stm32f4-hal/stm32f4xx_hal.o
 .text.HAL_DisableDBGSleepMode
                0x00000000       0x10 ./system/src/stm32f4-hal/stm32f4xx_hal.o
 .text.HAL_EnableDBGStopMode
                0x00000000       0x10 ./system/src/stm32f4-hal/stm32f4xx_hal.o
 .text.HAL_DisableDBGStopMode
                0x00000000       0x10 ./system/src/stm32f4-hal/stm32f4xx_hal.o
 .text.HAL_EnableDBGStandbyMode
                0x00000000       0x10 ./system/src/stm32f4-hal/stm32f4xx_hal.o
 .text.HAL_DisableDBGStandbyMode
                0x00000000       0x10 ./system/src/stm32f4-hal/stm32f4xx_hal.o
 .text.HAL_EnableCompensationCell
                0x00000000        0xc ./system/src/stm32f4-hal/stm32f4xx_hal.o
 .text.HAL_DisableCompensationCell
                0x00000000        0xc ./system/src/stm32f4-hal/stm32f4xx_hal.o
 .text          0x00000000        0x0 ./system/src/stm32f4-hal/stm32f4xx_hal_cortex.o
 .data          0x00000000        0x0 ./system/src/stm32f4-hal/stm32f4xx_hal_cortex.o
 .bss           0x00000000        0x0 ./system/src/stm32f4-hal/stm32f4xx_hal_cortex.o
 .text.HAL_NVIC_DisableIRQ
                0x00000000       0x18 ./system/src/stm32f4-hal/stm32f4xx_hal_cortex.o
 .text.HAL_NVIC_SystemReset
                0x00000000       0x20 ./system/src/stm32f4-hal/stm32f4xx_hal_cortex.o
 .text.HAL_NVIC_GetPriorityGrouping
                0x00000000       0x10 ./system/src/stm32f4-hal/stm32f4xx_hal_cortex.o
 .text.HAL_NVIC_GetPriority
                0x00000000       0x58 ./system/src/stm32f4-hal/stm32f4xx_hal_cortex.o
 .text.HAL_NVIC_SetPendingIRQ
                0x00000000       0x18 ./system/src/stm32f4-hal/stm32f4xx_hal_cortex.o
 .text.HAL_NVIC_GetPendingIRQ
                0x00000000       0x20 ./system/src/stm32f4-hal/stm32f4xx_hal_cortex.o
 .text.HAL_NVIC_ClearPendingIRQ
                0x00000000       0x18 ./system/src/stm32f4-hal/stm32f4xx_hal_cortex.o
 .text.HAL_NVIC_GetActive
                0x00000000       0x20 ./system/src/stm32f4-hal/stm32f4xx_hal_cortex.o
 .text.HAL_SYSTICK_CLKSourceConfig
                0x00000000       0x18 ./system/src/stm32f4-hal/stm32f4xx_hal_cortex.o
 .text.HAL_SYSTICK_Callback
                0x00000000        0x2 ./system/src/stm32f4-hal/stm32f4xx_hal_cortex.o
 .text.HAL_SYSTICK_IRQHandler
                0x00000000        0x8 ./system/src/stm32f4-hal/stm32f4xx_hal_cortex.o
 .text          0x00000000        0x0 ./system/src/stm32f4-hal/stm32f4xx_hal_flash.o
 .data          0x00000000        0x0 ./system/src/stm32f4-hal/stm32f4xx_hal_flash.o
 .bss           0x00000000        0x0 ./system/src/stm32f4-hal/stm32f4xx_hal_flash.o
 .text.FLASH_Program_Word
                0x00000000       0x24 ./system/src/stm32f4-hal/stm32f4xx_hal_flash.o
 .text.FLASH_Program_HalfWord
                0x00000000       0x24 ./system/src/stm32f4-hal/stm32f4xx_hal_flash.o
 .text.FLASH_SetErrorCode
                0x00000000       0x6c ./system/src/stm32f4-hal/stm32f4xx_hal_flash.o
 .text.HAL_FLASH_Program_IT
                0x00000000       0x94 ./system/src/stm32f4-hal/stm32f4xx_hal_flash.o
 .text.HAL_FLASH_EndOfOperationCallback
                0x00000000        0x2 ./system/src/stm32f4-hal/stm32f4xx_hal_flash.o
 .text.HAL_FLASH_OperationErrorCallback
                0x00000000        0x2 ./system/src/stm32f4-hal/stm32f4xx_hal_flash.o
 .text.HAL_FLASH_IRQHandler
                0x00000000       0xe4 ./system/src/stm32f4-hal/stm32f4xx_hal_flash.o
 .text.HAL_FLASH_Unlock
                0x00000000       0x24 ./system/src/stm32f4-hal/stm32f4xx_hal_flash.o
 .text.HAL_FLASH_Lock
                0x00000000       0x14 ./system/src/stm32f4-hal/stm32f4xx_hal_flash.o
 .text.HAL_FLASH_OB_Unlock
                0x00000000       0x24 ./system/src/stm32f4-hal/stm32f4xx_hal_flash.o
 .text.HAL_FLASH_OB_Lock
                0x00000000       0x14 ./system/src/stm32f4-hal/stm32f4xx_hal_flash.o
 .text.HAL_FLASH_GetError
                0x00000000        0xc ./system/src/stm32f4-hal/stm32f4xx_hal_flash.o
 .text.FLASH_WaitForLastOperation
                0x00000000       0x3c ./system/src/stm32f4-hal/stm32f4xx_hal_flash.o
 .text.HAL_FLASH_Program
                0x00000000       0xac ./system/src/stm32f4-hal/stm32f4xx_hal_flash.o
 .text.HAL_FLASH_OB_Launch
                0x00000000       0x18 ./system/src/stm32f4-hal/stm32f4xx_hal_flash.o
 .debug_info    0x00000000      0x70e ./system/src/stm32f4-hal/stm32f4xx_hal_flash.o
 .debug_abbrev  0x00000000      0x28b ./system/src/stm32f4-hal/stm32f4xx_hal_flash.o
 .debug_loc     0x00000000      0x2d7 ./system/src/stm32f4-hal/stm32f4xx_hal_flash.o
 .debug_aranges
                0x00000000       0x90 ./system/src/stm32f4-hal/stm32f4xx_hal_flash.o
 .debug_ranges  0x00000000       0xb0 ./system/src/stm32f4-hal/stm32f4xx_hal_flash.o
 .debug_line    0x00000000      0x3ba ./system/src/stm32f4-hal/stm32f4xx_hal_flash.o
 .debug_str     0x00000000      0x5c3 ./system/src/stm32f4-hal/stm32f4xx_hal_flash.o
 .comment       0x00000000       0x71 ./system/src/stm32f4-hal/stm32f4xx_hal_flash.o
 .debug_frame   0x00000000      0x138 ./system/src/stm32f4-hal/stm32f4xx_hal_flash.o
 .ARM.attributes
                0x00000000       0x33 ./system/src/stm32f4-hal/stm32f4xx_hal_flash.o
 COMMON         0x00000000       0x1c ./system/src/stm32f4-hal/stm32f4xx_hal_flash.o
 .text          0x00000000        0x0 ./system/src/stm32f4-hal/stm32f4xx_hal_flash_ex.o
 .data          0x00000000        0x0 ./system/src/stm32f4-hal/stm32f4xx_hal_flash_ex.o
 .bss           0x00000000        0x0 ./system/src/stm32f4-hal/stm32f4xx_hal_flash_ex.o
 .text.FLASH_MassErase.isra.0
                0x00000000       0x24 ./system/src/stm32f4-hal/stm32f4xx_hal_flash_ex.o
 .text.HAL_FLASHEx_OBProgram
                0x00000000       0xb4 ./system/src/stm32f4-hal/stm32f4xx_hal_flash_ex.o
 .text.HAL_FLASHEx_OBGetConfig
                0x00000000       0x40 ./system/src/stm32f4-hal/stm32f4xx_hal_flash_ex.o
 .text.FLASH_Erase_Sector
                0x00000000       0x58 ./system/src/stm32f4-hal/stm32f4xx_hal_flash_ex.o
 .text.HAL_FLASHEx_Erase
                0x00000000       0x9c ./system/src/stm32f4-hal/stm32f4xx_hal_flash_ex.o
 .text.HAL_FLASHEx_Erase_IT
                0x00000000       0x5c ./system/src/stm32f4-hal/stm32f4xx_hal_flash_ex.o
 .debug_info    0x00000000      0x912 ./system/src/stm32f4-hal/stm32f4xx_hal_flash_ex.o
 .debug_abbrev  0x00000000      0x2be ./system/src/stm32f4-hal/stm32f4xx_hal_flash_ex.o
 .debug_loc     0x00000000      0x3fd ./system/src/stm32f4-hal/stm32f4xx_hal_flash_ex.o
 .debug_aranges
                0x00000000       0x48 ./system/src/stm32f4-hal/stm32f4xx_hal_flash_ex.o
 .debug_ranges  0x00000000       0xa8 ./system/src/stm32f4-hal/stm32f4xx_hal_flash_ex.o
 .debug_line    0x00000000      0x383 ./system/src/stm32f4-hal/stm32f4xx_hal_flash_ex.o
 .debug_str     0x00000000      0x644 ./system/src/stm32f4-hal/stm32f4xx_hal_flash_ex.o
 .comment       0x00000000       0x71 ./system/src/stm32f4-hal/stm32f4xx_hal_flash_ex.o
 .debug_frame   0x00000000       0x94 ./system/src/stm32f4-hal/stm32f4xx_hal_flash_ex.o
 .ARM.attributes
                0x00000000       0x33 ./system/src/stm32f4-hal/stm32f4xx_hal_flash_ex.o
 .text          0x00000000        0x0 ./system/src/stm32f4-hal/stm32f4xx_hal_flash_ramfunc.o
 .data          0x00000000        0x0 ./system/src/stm32f4-hal/stm32f4xx_hal_flash_ramfunc.o
 .bss           0x00000000        0x0 ./system/src/stm32f4-hal/stm32f4xx_hal_flash_ramfunc.o
 .debug_info    0x00000000       0x92 ./system/src/stm32f4-hal/stm32f4xx_hal_flash_ramfunc.o
 .debug_abbrev  0x00000000       0x4b ./system/src/stm32f4-hal/stm32f4xx_hal_flash_ramfunc.o
 .debug_aranges
                0x00000000       0x18 ./system/src/stm32f4-hal/stm32f4xx_hal_flash_ramfunc.o
 .debug_line    0x00000000       0xf9 ./system/src/stm32f4-hal/stm32f4xx_hal_flash_ramfunc.o
 .debug_str     0x00000000      0x1d9 ./system/src/stm32f4-hal/stm32f4xx_hal_flash_ramfunc.o
 .comment       0x00000000       0x71 ./system/src/stm32f4-hal/stm32f4xx_hal_flash_ramfunc.o
 .ARM.attributes
                0x00000000       0x33 ./system/src/stm32f4-hal/stm32f4xx_hal_flash_ramfunc.o
 .text          0x00000000        0x0 ./system/src/stm32f4-hal/stm32f4xx_hal_gpio.o
 .data          0x00000000        0x0 ./system/src/stm32f4-hal/stm32f4xx_hal_gpio.o
 .bss           0x00000000        0x0 ./system/src/stm32f4-hal/stm32f4xx_hal_gpio.o
 .text.HAL_GPIO_DeInit
                0x00000000       0x90 ./system/src/stm32f4-hal/stm32f4xx_hal_gpio.o
 .text.HAL_GPIO_ReadPin
                0x00000000        0xc ./system/src/stm32f4-hal/stm32f4xx_hal_gpio.o
 .text.HAL_GPIO_LockPin
                0x00000000       0x2a ./system/src/stm32f4-hal/stm32f4xx_hal_gpio.o
 .text.HAL_GPIO_EXTI_Callback
                0x00000000        0x2 ./system/src/stm32f4-hal/stm32f4xx_hal_gpio.o
 .text          0x00000000        0x0 ./system/src/stm32f4-hal/stm32f4xx_hal_iwdg.o
 .data          0x00000000        0x0 ./system/src/stm32f4-hal/stm32f4xx_hal_iwdg.o
 .bss           0x00000000        0x0 ./system/src/stm32f4-hal/stm32f4xx_hal_iwdg.o
 .debug_info    0x00000000       0x92 ./system/src/stm32f4-hal/stm32f4xx_hal_iwdg.o
 .debug_abbrev  0x00000000       0x4b ./system/src/stm32f4-hal/stm32f4xx_hal_iwdg.o
 .debug_aranges
                0x00000000       0x18 ./system/src/stm32f4-hal/stm32f4xx_hal_iwdg.o
 .debug_line    0x00000000       0xf9 ./system/src/stm32f4-hal/stm32f4xx_hal_iwdg.o
 .debug_str     0x00000000      0x1d0 ./system/src/stm32f4-hal/stm32f4xx_hal_iwdg.o
 .comment       0x00000000       0x71 ./system/src/stm32f4-hal/stm32f4xx_hal_iwdg.o
 .ARM.attributes
                0x00000000       0x33 ./system/src/stm32f4-hal/stm32f4xx_hal_iwdg.o
 .text          0x00000000        0x0 ./system/src/stm32f4-hal/stm32f4xx_hal_pcd_ex.o
 .data          0x00000000        0x0 ./system/src/stm32f4-hal/stm32f4xx_hal_pcd_ex.o
 .bss           0x00000000        0x0 ./system/src/stm32f4-hal/stm32f4xx_hal_pcd_ex.o
 .debug_info    0x00000000       0x92 ./system/src/stm32f4-hal/stm32f4xx_hal_pcd_ex.o
 .debug_abbrev  0x00000000       0x4b ./system/src/stm32f4-hal/stm32f4xx_hal_pcd_ex.o
 .debug_aranges
                0x00000000       0x18 ./system/src/stm32f4-hal/stm32f4xx_hal_pcd_ex.o
 .debug_line    0x00000000       0xf9 ./system/src/stm32f4-hal/stm32f4xx_hal_pcd_ex.o
 .debug_str     0x00000000      0x1d2 ./system/src/stm32f4-hal/stm32f4xx_hal_pcd_ex.o
 .comment       0x00000000       0x71 ./system/src/stm32f4-hal/stm32f4xx_hal_pcd_ex.o
 .ARM.attributes
                0x00000000       0x33 ./system/src/stm32f4-hal/stm32f4xx_hal_pcd_ex.o
 .text          0x00000000        0x0 ./system/src/stm32f4-hal/stm32f4xx_hal_pwr.o
 .data          0x00000000        0x0 ./system/src/stm32f4-hal/stm32f4xx_hal_pwr.o
 .bss           0x00000000        0x0 ./system/src/stm32f4-hal/stm32f4xx_hal_pwr.o
 .text.HAL_PWR_DeInit
                0x00000000       0x18 ./system/src/stm32f4-hal/stm32f4xx_hal_pwr.o
 .text.HAL_PWR_EnableBkUpAccess
                0x00000000        0xc ./system/src/stm32f4-hal/stm32f4xx_hal_pwr.o
 .text.HAL_PWR_DisableBkUpAccess
                0x00000000        0xc ./system/src/stm32f4-hal/stm32f4xx_hal_pwr.o
 .text.HAL_PWR_PVDConfig
                0x00000000       0x60 ./system/src/stm32f4-hal/stm32f4xx_hal_pwr.o
 .text.HAL_PWR_EnablePVD
                0x00000000        0xc ./system/src/stm32f4-hal/stm32f4xx_hal_pwr.o
 .text.HAL_PWR_DisablePVD
                0x00000000        0xc ./system/src/stm32f4-hal/stm32f4xx_hal_pwr.o
 .text.HAL_PWR_EnableWakeUpPin
                0x00000000        0xc ./system/src/stm32f4-hal/stm32f4xx_hal_pwr.o
 .text.HAL_PWR_DisableWakeUpPin
                0x00000000        0xc ./system/src/stm32f4-hal/stm32f4xx_hal_pwr.o
 .text.HAL_PWR_EnterSLEEPMode
                0x00000000       0x10 ./system/src/stm32f4-hal/stm32f4xx_hal_pwr.o
 .text.HAL_PWR_EnterSTOPMode
                0x00000000       0x34 ./system/src/stm32f4-hal/stm32f4xx_hal_pwr.o
 .text.HAL_PWR_EnterSTANDBYMode
                0x00000000       0x20 ./system/src/stm32f4-hal/stm32f4xx_hal_pwr.o
 .text.HAL_PWR_PVDCallback
                0x00000000        0x2 ./system/src/stm32f4-hal/stm32f4xx_hal_pwr.o
 .text.HAL_PWR_PVD_IRQHandler
                0x00000000       0x1c ./system/src/stm32f4-hal/stm32f4xx_hal_pwr.o
 .debug_info    0x00000000      0x704 ./system/src/stm32f4-hal/stm32f4xx_hal_pwr.o
 .debug_abbrev  0x00000000      0x1bc ./system/src/stm32f4-hal/stm32f4xx_hal_pwr.o
 .debug_loc     0x00000000       0xbc ./system/src/stm32f4-hal/stm32f4xx_hal_pwr.o
 .debug_aranges
                0x00000000       0x80 ./system/src/stm32f4-hal/stm32f4xx_hal_pwr.o
 .debug_ranges  0x00000000       0x70 ./system/src/stm32f4-hal/stm32f4xx_hal_pwr.o
 .debug_line    0x00000000      0x2ac ./system/src/stm32f4-hal/stm32f4xx_hal_pwr.o
 .debug_str     0x00000000      0x509 ./system/src/stm32f4-hal/stm32f4xx_hal_pwr.o
 .comment       0x00000000       0x71 ./system/src/stm32f4-hal/stm32f4xx_hal_pwr.o
 .debug_frame   0x00000000       0xe8 ./system/src/stm32f4-hal/stm32f4xx_hal_pwr.o
 .ARM.attributes
                0x00000000       0x33 ./system/src/stm32f4-hal/stm32f4xx_hal_pwr.o
 .text          0x00000000        0x0 ./system/src/stm32f4-hal/stm32f4xx_hal_pwr_ex.o
 .data          0x00000000        0x0 ./system/src/stm32f4-hal/stm32f4xx_hal_pwr_ex.o
 .bss           0x00000000        0x0 ./system/src/stm32f4-hal/stm32f4xx_hal_pwr_ex.o
 .text.HAL_PWREx_EnableBkUpReg
                0x00000000       0x34 ./system/src/stm32f4-hal/stm32f4xx_hal_pwr_ex.o
 .text.HAL_PWREx_DisableBkUpReg
                0x00000000       0x34 ./system/src/stm32f4-hal/stm32f4xx_hal_pwr_ex.o
 .text.HAL_PWREx_EnableFlashPowerDown
                0x00000000        0xc ./system/src/stm32f4-hal/stm32f4xx_hal_pwr_ex.o
 .text.HAL_PWREx_DisableFlashPowerDown
                0x00000000        0xc ./system/src/stm32f4-hal/stm32f4xx_hal_pwr_ex.o
 .debug_info    0x00000000      0x1dd ./system/src/stm32f4-hal/stm32f4xx_hal_pwr_ex.o
 .debug_abbrev  0x00000000       0xf8 ./system/src/stm32f4-hal/stm32f4xx_hal_pwr_ex.o
 .debug_loc     0x00000000       0x3e ./system/src/stm32f4-hal/stm32f4xx_hal_pwr_ex.o
 .debug_aranges
                0x00000000       0x38 ./system/src/stm32f4-hal/stm32f4xx_hal_pwr_ex.o
 .debug_ranges  0x00000000       0x28 ./system/src/stm32f4-hal/stm32f4xx_hal_pwr_ex.o
 .debug_line    0x00000000      0x1e8 ./system/src/stm32f4-hal/stm32f4xx_hal_pwr_ex.o
 .debug_str     0x00000000      0x2c5 ./system/src/stm32f4-hal/stm32f4xx_hal_pwr_ex.o
 .comment       0x00000000       0x71 ./system/src/stm32f4-hal/stm32f4xx_hal_pwr_ex.o
 .debug_frame   0x00000000       0x60 ./system/src/stm32f4-hal/stm32f4xx_hal_pwr_ex.o
 .ARM.attributes
                0x00000000       0x33 ./system/src/stm32f4-hal/stm32f4xx_hal_pwr_ex.o
 .text          0x00000000        0x0 ./system/src/stm32f4-hal/stm32f4xx_hal_rcc.o
 .data          0x00000000        0x0 ./system/src/stm32f4-hal/stm32f4xx_hal_rcc.o
 .bss           0x00000000        0x0 ./system/src/stm32f4-hal/stm32f4xx_hal_rcc.o
 .text.HAL_RCC_DeInit
                0x00000000       0x4c ./system/src/stm32f4-hal/stm32f4xx_hal_rcc.o
 .text.HAL_RCC_EnableCSS
                0x00000000        0xc ./system/src/stm32f4-hal/stm32f4xx_hal_rcc.o
 .text.HAL_RCC_DisableCSS
                0x00000000        0xc ./system/src/stm32f4-hal/stm32f4xx_hal_rcc.o
 .text.HAL_RCC_GetOscConfig
                0x00000000       0xdc ./system/src/stm32f4-hal/stm32f4xx_hal_rcc.o
 .text.HAL_RCC_GetClockConfig
                0x00000000       0x3c ./system/src/stm32f4-hal/stm32f4xx_hal_rcc.o
 .text.HAL_RCC_CCSCallback
                0x00000000        0x2 ./system/src/stm32f4-hal/stm32f4xx_hal_rcc.o
 .text.HAL_RCC_NMI_IRQHandler
                0x00000000       0x20 ./system/src/stm32f4-hal/stm32f4xx_hal_rcc.o
 .text          0x00000000        0x0 ./system/src/stm32f4-hal/stm32f4xx_hal_rcc_ex.o
 .data          0x00000000        0x0 ./system/src/stm32f4-hal/stm32f4xx_hal_rcc_ex.o
 .bss           0x00000000        0x0 ./system/src/stm32f4-hal/stm32f4xx_hal_rcc_ex.o
 .text.HAL_RCCEx_PeriphCLKConfig
                0x00000000      0x13c ./system/src/stm32f4-hal/stm32f4xx_hal_rcc_ex.o
 .text.HAL_RCCEx_GetPeriphCLKConfig
                0x00000000       0x54 ./system/src/stm32f4-hal/stm32f4xx_hal_rcc_ex.o
 .debug_info    0x00000000      0x60a ./system/src/stm32f4-hal/stm32f4xx_hal_rcc_ex.o
 .debug_abbrev  0x00000000      0x1f0 ./system/src/stm32f4-hal/stm32f4xx_hal_rcc_ex.o
 .debug_loc     0x00000000      0x1a1 ./system/src/stm32f4-hal/stm32f4xx_hal_rcc_ex.o
 .debug_aranges
                0x00000000       0x28 ./system/src/stm32f4-hal/stm32f4xx_hal_rcc_ex.o
 .debug_ranges  0x00000000       0x30 ./system/src/stm32f4-hal/stm32f4xx_hal_rcc_ex.o
 .debug_line    0x00000000      0x26f ./system/src/stm32f4-hal/stm32f4xx_hal_rcc_ex.o
 .debug_str     0x00000000      0x43e ./system/src/stm32f4-hal/stm32f4xx_hal_rcc_ex.o
 .comment       0x00000000       0x71 ./system/src/stm32f4-hal/stm32f4xx_hal_rcc_ex.o
 .debug_frame   0x00000000       0x44 ./system/src/stm32f4-hal/stm32f4xx_hal_rcc_ex.o
 .ARM.attributes
                0x00000000       0x33 ./system/src/stm32f4-hal/stm32f4xx_hal_rcc_ex.o
 .text          0x00000000        0x0 ./system/src/stm32f4-hal/stm32f4xx_hal_spi.o
 .data          0x00000000        0x0 ./system/src/stm32f4-hal/stm32f4xx_hal_spi.o
 .bss           0x00000000        0x0 ./system/src/stm32f4-hal/stm32f4xx_hal_spi.o
 .text.HAL_SPI_Transmit
                0x00000000      0x15c ./system/src/stm32f4-hal/stm32f4xx_hal_spi.o
 .text.HAL_SPI_Receive
                0x00000000      0x1d6 ./system/src/stm32f4-hal/stm32f4xx_hal_spi.o
 .text.HAL_SPI_Transmit_IT
                0x00000000       0xa4 ./system/src/stm32f4-hal/stm32f4xx_hal_spi.o
 .text.HAL_SPI_TransmitReceive_IT
                0x00000000       0xb4 ./system/src/stm32f4-hal/stm32f4xx_hal_spi.o
 .text.HAL_SPI_Receive_IT
                0x00000000       0xb8 ./system/src/stm32f4-hal/stm32f4xx_hal_spi.o
 .text.HAL_SPI_Transmit_DMA
                0x00000000       0xb8 ./system/src/stm32f4-hal/stm32f4xx_hal_spi.o
 .text.HAL_SPI_TransmitReceive_DMA
                0x00000000       0xf8 ./system/src/stm32f4-hal/stm32f4xx_hal_spi.o
 .text.HAL_SPI_Receive_DMA
                0x00000000       0xd8 ./system/src/stm32f4-hal/stm32f4xx_hal_spi.o
 .text.HAL_SPI_DMAPause
                0x00000000       0x2a ./system/src/stm32f4-hal/stm32f4xx_hal_spi.o
 .text.HAL_SPI_DMAResume
                0x00000000       0x2a ./system/src/stm32f4-hal/stm32f4xx_hal_spi.o
 .text.HAL_SPI_DMAStop
                0x00000000       0x30 ./system/src/stm32f4-hal/stm32f4xx_hal_spi.o
 .text.HAL_SPI_TxCpltCallback
                0x00000000        0x2 ./system/src/stm32f4-hal/stm32f4xx_hal_spi.o
 .text.HAL_SPI_RxCpltCallback
                0x00000000        0x2 ./system/src/stm32f4-hal/stm32f4xx_hal_spi.o
 .text.HAL_SPI_TxRxCpltCallback
                0x00000000        0x2 ./system/src/stm32f4-hal/stm32f4xx_hal_spi.o
 .text.HAL_SPI_TxHalfCpltCallback
                0x00000000        0x2 ./system/src/stm32f4-hal/stm32f4xx_hal_spi.o
 .text.SPI_DMAHalfTransmitCplt
                0x00000000        0xa ./system/src/stm32f4-hal/stm32f4xx_hal_spi.o
 .text.HAL_SPI_RxHalfCpltCallback
                0x00000000        0x2 ./system/src/stm32f4-hal/stm32f4xx_hal_spi.o
 .text.SPI_DMAHalfReceiveCplt
                0x00000000        0xa ./system/src/stm32f4-hal/stm32f4xx_hal_spi.o
 .text.HAL_SPI_TxRxHalfCpltCallback
                0x00000000        0x2 ./system/src/stm32f4-hal/stm32f4xx_hal_spi.o
 .text.SPI_DMAHalfTransmitReceiveCplt
                0x00000000        0xa ./system/src/stm32f4-hal/stm32f4xx_hal_spi.o
 .text.HAL_SPI_ErrorCallback
                0x00000000        0x2 ./system/src/stm32f4-hal/stm32f4xx_hal_spi.o
 .text.SPI_TxISR
                0x00000000       0xc2 ./system/src/stm32f4-hal/stm32f4xx_hal_spi.o
 .text.SPI_RxCloseIRQHandler
                0x00000000       0xd6 ./system/src/stm32f4-hal/stm32f4xx_hal_spi.o
 .text.SPI_RxISR
                0x00000000       0x42 ./system/src/stm32f4-hal/stm32f4xx_hal_spi.o
 .text.SPI_2LinesRxISR
                0x00000000       0x2a ./system/src/stm32f4-hal/stm32f4xx_hal_spi.o
 .text.SPI_DMAError
                0x00000000       0x22 ./system/src/stm32f4-hal/stm32f4xx_hal_spi.o
 .text.SPI_DMATransmitCplt
                0x00000000       0x72 ./system/src/stm32f4-hal/stm32f4xx_hal_spi.o
 .text.SPI_DMAReceiveCplt
                0x00000000       0xbc ./system/src/stm32f4-hal/stm32f4xx_hal_spi.o
 .text.SPI_DMATransmitReceiveCplt
                0x00000000       0xcc ./system/src/stm32f4-hal/stm32f4xx_hal_spi.o
 .text.HAL_SPI_IRQHandler
                0x00000000       0xb6 ./system/src/stm32f4-hal/stm32f4xx_hal_spi.o
 .text.HAL_SPI_GetError
                0x00000000        0x6 ./system/src/stm32f4-hal/stm32f4xx_hal_spi.o
 .text          0x00000000        0x0 ./system/src/stm32f4-hal/stm32f4xx_hal_uart.o
 .data          0x00000000        0x0 ./system/src/stm32f4-hal/stm32f4xx_hal_uart.o
 .bss           0x00000000        0x0 ./system/src/stm32f4-hal/stm32f4xx_hal_uart.o
 .text.UART_WaitOnFlagUntilTimeout.constprop.0
                0x00000000       0x60 ./system/src/stm32f4-hal/stm32f4xx_hal_uart.o
 .text.HAL_UART_MspInit
                0x00000000        0x2 ./system/src/stm32f4-hal/stm32f4xx_hal_uart.o
 .text.HAL_HalfDuplex_Init
                0x00000000       0x5a ./system/src/stm32f4-hal/stm32f4xx_hal_uart.o
 .text.HAL_LIN_Init
                0x00000000       0x6a ./system/src/stm32f4-hal/stm32f4xx_hal_uart.o
 .text.HAL_MultiProcessor_Init
                0x00000000       0x74 ./system/src/stm32f4-hal/stm32f4xx_hal_uart.o
 .text.HAL_UART_MspDeInit
                0x00000000        0x2 ./system/src/stm32f4-hal/stm32f4xx_hal_uart.o
 .text.HAL_UART_DeInit
                0x00000000       0x24 ./system/src/stm32f4-hal/stm32f4xx_hal_uart.o
 .text.HAL_UART_Transmit
                0x00000000       0xba ./system/src/stm32f4-hal/stm32f4xx_hal_uart.o
 .text.HAL_UART_Receive
                0x00000000       0xbe ./system/src/stm32f4-hal/stm32f4xx_hal_uart.o
 .text.HAL_UART_Transmit_IT
                0x00000000       0x6a ./system/src/stm32f4-hal/stm32f4xx_hal_uart.o
 .text.HAL_UART_Receive_IT
                0x00000000       0x6a ./system/src/stm32f4-hal/stm32f4xx_hal_uart.o
 .text.HAL_UART_Transmit_DMA
                0x00000000       0x80 ./system/src/stm32f4-hal/stm32f4xx_hal_uart.o
 .text.HAL_UART_Receive_DMA
                0x00000000       0x80 ./system/src/stm32f4-hal/stm32f4xx_hal_uart.o
 .text.HAL_UART_DMAPause
                0x00000000       0x5c ./system/src/stm32f4-hal/stm32f4xx_hal_uart.o
 .text.HAL_UART_DMAResume
                0x00000000       0x5e ./system/src/stm32f4-hal/stm32f4xx_hal_uart.o
 .text.HAL_UART_DMAStop
                0x00000000       0x30 ./system/src/stm32f4-hal/stm32f4xx_hal_uart.o
 .text.HAL_UART_TxCpltCallback
                0x00000000        0x2 ./system/src/stm32f4-hal/stm32f4xx_hal_uart.o
 .text.HAL_UART_TxHalfCpltCallback
                0x00000000        0x2 ./system/src/stm32f4-hal/stm32f4xx_hal_uart.o
 .text.UART_DMATxHalfCplt
                0x00000000        0xa ./system/src/stm32f4-hal/stm32f4xx_hal_uart.o
 .text.HAL_UART_RxCpltCallback
                0x00000000        0x2 ./system/src/stm32f4-hal/stm32f4xx_hal_uart.o
 .text.UART_DMAReceiveCplt
                0x00000000       0x32 ./system/src/stm32f4-hal/stm32f4xx_hal_uart.o
 .text.HAL_UART_RxHalfCpltCallback
                0x00000000        0x2 ./system/src/stm32f4-hal/stm32f4xx_hal_uart.o
 .text.UART_DMARxHalfCplt
                0x00000000        0xa ./system/src/stm32f4-hal/stm32f4xx_hal_uart.o
 .text.HAL_UART_ErrorCallback
                0x00000000        0x2 ./system/src/stm32f4-hal/stm32f4xx_hal_uart.o
 .text.UART_DMAError
                0x00000000       0x22 ./system/src/stm32f4-hal/stm32f4xx_hal_uart.o
 .text.UART_DMATransmitCplt
                0x00000000       0x4e ./system/src/stm32f4-hal/stm32f4xx_hal_uart.o
 .text.HAL_UART_IRQHandler
                0x00000000      0x1aa ./system/src/stm32f4-hal/stm32f4xx_hal_uart.o
 .text.HAL_LIN_SendBreak
                0x00000000       0x2a ./system/src/stm32f4-hal/stm32f4xx_hal_uart.o
 .text.HAL_MultiProcessor_EnterMuteMode
                0x00000000       0x2a ./system/src/stm32f4-hal/stm32f4xx_hal_uart.o
 .text.HAL_MultiProcessor_ExitMuteMode
                0x00000000       0x2a ./system/src/stm32f4-hal/stm32f4xx_hal_uart.o
 .text.HAL_HalfDuplex_EnableTransmitter
                0x00000000       0x2e ./system/src/stm32f4-hal/stm32f4xx_hal_uart.o
 .text.HAL_HalfDuplex_EnableReceiver
                0x00000000       0x2e ./system/src/stm32f4-hal/stm32f4xx_hal_uart.o
 .text.HAL_UART_GetState
                0x00000000        0x6 ./system/src/stm32f4-hal/stm32f4xx_hal_uart.o
 .text.HAL_UART_GetError
                0x00000000        0x6 ./system/src/stm32f4-hal/stm32f4xx_hal_uart.o
 .text          0x00000000        0x0 ./system/src/newlib/_cxx.o
 .data          0x00000000        0x0 ./system/src/newlib/_cxx.o
 .bss           0x00000000        0x0 ./system/src/newlib/_cxx.o
 .text._ZN9__gnu_cxx27__verbose_terminate_handlerEv
                0x00000000        0x6 ./system/src/newlib/_cxx.o
 .text.__cxa_pure_virtual
                0x00000000        0x6 ./system/src/newlib/_cxx.o
 .debug_info    0x00000000      0x4c6 ./system/src/newlib/_cxx.o
 .debug_abbrev  0x00000000      0x1a4 ./system/src/newlib/_cxx.o
 .debug_aranges
                0x00000000       0x28 ./system/src/newlib/_cxx.o
 .debug_ranges  0x00000000       0x18 ./system/src/newlib/_cxx.o
 .debug_line    0x00000000      0x19e ./system/src/newlib/_cxx.o
 .debug_str     0x00000000      0x360 ./system/src/newlib/_cxx.o
 .comment       0x00000000       0x71 ./system/src/newlib/_cxx.o
 .debug_frame   0x00000000       0x40 ./system/src/newlib/_cxx.o
 .ARM.attributes
                0x00000000       0x33 ./system/src/newlib/_cxx.o
 .text          0x00000000        0x0 ./system/src/newlib/_exit.o
 .data          0x00000000        0x0 ./system/src/newlib/_exit.o
 .bss           0x00000000        0x0 ./system/src/newlib/_exit.o
 .text.abort    0x00000000        0x8 ./system/src/newlib/_exit.o
 .text          0x00000000        0x0 ./system/src/newlib/_sbrk.o
 .data          0x00000000        0x0 ./system/src/newlib/_sbrk.o
 .bss           0x00000000        0x0 ./system/src/newlib/_sbrk.o
 .text._sbrk    0x00000000       0x40 ./system/src/newlib/_sbrk.o
 .bss.current_heap_end.4304
                0x00000000        0x4 ./system/src/newlib/_sbrk.o
 .debug_info    0x00000000      0x121 ./system/src/newlib/_sbrk.o
 .debug_abbrev  0x00000000       0xb8 ./system/src/newlib/_sbrk.o
 .debug_loc     0x00000000       0x92 ./system/src/newlib/_sbrk.o
 .debug_aranges
                0x00000000       0x20 ./system/src/newlib/_sbrk.o
 .debug_ranges  0x00000000       0x10 ./system/src/newlib/_sbrk.o
 .debug_line    0x00000000       0xbb ./system/src/newlib/_sbrk.o
 .debug_str     0x00000000      0x20a ./system/src/newlib/_sbrk.o
 .comment       0x00000000       0x71 ./system/src/newlib/_sbrk.o
 .debug_frame   0x00000000       0x28 ./system/src/newlib/_sbrk.o
 .ARM.attributes
                0x00000000       0x33 ./system/src/newlib/_sbrk.o
 .text          0x00000000        0x0 ./system/src/newlib/_startup.o
 .data          0x00000000        0x0 ./system/src/newlib/_startup.o
 .bss           0x00000000        0x0 ./system/src/newlib/_startup.o
 .text.__initialize_data
                0x00000000       0x10 ./system/src/newlib/_startup.o
 .text.__initialize_bss
                0x00000000        0xe ./system/src/newlib/_startup.o
 .text.__run_init_array
                0x00000000       0x48 ./system/src/newlib/_startup.o
 .text.__run_fini_array
                0x00000000       0x24 ./system/src/newlib/_startup.o
 .text          0x00000000        0x0 ./system/src/newlib/_syscalls.o
 .data          0x00000000        0x0 ./system/src/newlib/_syscalls.o
 .bss           0x00000000        0x0 ./system/src/newlib/_syscalls.o
 .text.raise    0x00000000       0x10 ./system/src/newlib/_syscalls.o
 .text.kill     0x00000000       0x10 ./system/src/newlib/_syscalls.o
 .text._chown   0x00000000       0x10 ./system/src/newlib/_syscalls.o
 .text._close   0x00000000       0x10 ./system/src/newlib/_syscalls.o
 .text._execve  0x00000000       0x10 ./system/src/newlib/_syscalls.o
 .text._fork    0x00000000       0x10 ./system/src/newlib/_syscalls.o
 .text._fstat   0x00000000       0x10 ./system/src/newlib/_syscalls.o
 .text._getpid  0x00000000       0x10 ./system/src/newlib/_syscalls.o
 .text._gettimeofday
                0x00000000       0x10 ./system/src/newlib/_syscalls.o
 .text._isatty  0x00000000        0xe ./system/src/newlib/_syscalls.o
 .text._kill    0x00000000       0x10 ./system/src/newlib/_syscalls.o
 .text._link    0x00000000       0x10 ./system/src/newlib/_syscalls.o
 .text._lseek   0x00000000       0x10 ./system/src/newlib/_syscalls.o
 .text._open    0x00000000       0x10 ./system/src/newlib/_syscalls.o
 .text._read    0x00000000       0x10 ./system/src/newlib/_syscalls.o
 .text._readlink
                0x00000000       0x10 ./system/src/newlib/_syscalls.o
 .text._stat    0x00000000       0x10 ./system/src/newlib/_syscalls.o
 .text._symlink
                0x00000000       0x10 ./system/src/newlib/_syscalls.o
 .text._times   0x00000000       0x10 ./system/src/newlib/_syscalls.o
 .text._unlink  0x00000000       0x10 ./system/src/newlib/_syscalls.o
 .text._wait    0x00000000       0x10 ./system/src/newlib/_syscalls.o
 .text._write   0x00000000       0x10 ./system/src/newlib/_syscalls.o
 .data.environ  0x00000000        0x4 ./system/src/newlib/_syscalls.o
 .bss.__env     0x00000000        0x4 ./system/src/newlib/_syscalls.o
 COMMON         0x00000000        0x4 ./system/src/newlib/_syscalls.o
 .text          0x00000000        0x0 ./system/src/newlib/assert.o
 .data          0x00000000        0x0 ./system/src/newlib/assert.o
 .bss           0x00000000        0x0 ./system/src/newlib/assert.o
 .text.__assert_func
                0x00000000        0x6 ./system/src/newlib/assert.o
 .debug_info    0x00000000      0x10b ./system/src/newlib/assert.o
 .debug_abbrev  0x00000000       0xa6 ./system/src/newlib/assert.o
 .debug_loc     0x00000000       0x84 ./system/src/newlib/assert.o
 .debug_aranges
                0x00000000       0x20 ./system/src/newlib/assert.o
 .debug_ranges  0x00000000       0x10 ./system/src/newlib/assert.o
 .debug_line    0x00000000       0xcf ./system/src/newlib/assert.o
 .debug_str     0x00000000      0x1f3 ./system/src/newlib/assert.o
 .comment       0x00000000       0x71 ./system/src/newlib/assert.o
 .debug_frame   0x00000000       0x28 ./system/src/newlib/assert.o
 .ARM.attributes
                0x00000000       0x33 ./system/src/newlib/assert.o
 .text          0x00000000        0x0 ./system/src/diag/Trace.o
 .data          0x00000000        0x0 ./system/src/diag/Trace.o
 .bss           0x00000000        0x0 ./system/src/diag/Trace.o
 .debug_line    0x00000000        0x0 ./system/src/diag/Trace.o
 .debug_str     0x00000000      0x110 ./system/src/diag/Trace.o
 .comment       0x00000000       0x71 ./system/src/diag/Trace.o
 .ARM.attributes
                0x00000000       0x33 ./system/src/diag/Trace.o
 .text          0x00000000        0x0 ./system/src/diag/trace_impl.o
 .data          0x00000000        0x0 ./system/src/diag/trace_impl.o
 .bss           0x00000000        0x0 ./system/src/diag/trace_impl.o
 .debug_line    0x00000000        0x0 ./system/src/diag/trace_impl.o
 .debug_str     0x00000000      0x115 ./system/src/diag/trace_impl.o
 .comment       0x00000000       0x71 ./system/src/diag/trace_impl.o
 .ARM.attributes
                0x00000000       0x33 ./system/src/diag/trace_impl.o
 .text          0x00000000        0x0 ./system/src/cortexm/_initialize_hardware.o
 .data          0x00000000        0x0 ./system/src/cortexm/_initialize_hardware.o
 .bss           0x00000000        0x0 ./system/src/cortexm/_initialize_hardware.o
 .text          0x00000000        0x0 ./system/src/cortexm/_reset_hardware.o
 .data          0x00000000        0x0 ./system/src/cortexm/_reset_hardware.o
 .bss           0x00000000        0x0 ./system/src/cortexm/_reset_hardware.o
 .text          0x00000000        0x0 ./system/src/cortexm/exception_handlers.o
 .data          0x00000000        0x0 ./system/src/cortexm/exception_handlers.o
 .bss           0x00000000        0x0 ./system/src/cortexm/exception_handlers.o
 .text          0x00000000        0x0 ./system/src/cmsis/system_stm32f4xx.o
 .data          0x00000000        0x0 ./system/src/cmsis/system_stm32f4xx.o
 .bss           0x00000000        0x0 ./system/src/cmsis/system_stm32f4xx.o
 .text          0x00000000        0x0 ./system/src/cmsis/vectors_stm32f4xx.o
 .data          0x00000000        0x0 ./system/src/cmsis/vectors_stm32f4xx.o
 .bss           0x00000000        0x0 ./system/src/cmsis/vectors_stm32f4xx.o
 .text          0x00000000        0x0 ./src/lcd/lib_FONT_Table_m.o
 .data          0x00000000        0x0 ./src/lcd/lib_FONT_Table_m.o
 .bss           0x00000000        0x0 ./src/lcd/lib_FONT_Table_m.o
 .text          0x00000000        0x0 ./src/lcd/lib_S1D15705_m.o
 .data          0x00000000        0x0 ./src/lcd/lib_S1D15705_m.o
 .bss           0x00000000        0x0 ./src/lcd/lib_S1D15705_m.o
 .text.LCD_SetColumn
                0x00000000       0x24 ./src/lcd/lib_S1D15705_m.o
 .text.LCD_SetPage
                0x00000000       0x16 ./src/lcd/lib_S1D15705_m.o
 .text.LCD_BUFF_Wrd
                0x00000000       0x10 ./src/lcd/lib_S1D15705_m.o
 .text.LCD_BUFF_Rdd
                0x00000000       0x10 ./src/lcd/lib_S1D15705_m.o
 .text.LCD_BUFF_CleanPage
                0x00000000       0x24 ./src/lcd/lib_S1D15705_m.o
 .text.LCD_BUFF_Wrv_U16Dec
                0x00000000       0x78 ./src/lcd/lib_S1D15705_m.o
 .text.LCD_BUFF_Wrv_U8Dec
                0x00000000       0x44 ./src/lcd/lib_S1D15705_m.o
 .text.LCD_BUFF_Wrv_S8Dec
                0x00000000       0x64 ./src/lcd/lib_S1D15705_m.o
 .text.LCD_BUFF_Wrv_S32Dec
                0x00000000      0x104 ./src/lcd/lib_S1D15705_m.o
 .text.LCD_BUFF_PixelOn
                0x00000000       0x20 ./src/lcd/lib_S1D15705_m.o
 .text.LCD_BUFF_PixelOff
                0x00000000       0x24 ./src/lcd/lib_S1D15705_m.o
 .text.LCD_BUFF_PixelToggle
                0x00000000       0x20 ./src/lcd/lib_S1D15705_m.o
 .text.LCD_BUFF_PlotLine
                0x00000000       0xf6 ./src/lcd/lib_S1D15705_m.o
 .text.LCD_BUFF_PlotLine_NOT_MINE
                0x00000000       0xe4 ./src/lcd/lib_S1D15705_m.o
 .text.LCD_TESTF
                0x00000000        0xe ./src/lcd/lib_S1D15705_m.o
 .text          0x00000000        0x0 ./src/bsp/lis3dsh.o
 .data          0x00000000        0x0 ./src/bsp/lis3dsh.o
 .bss           0x00000000        0x0 ./src/bsp/lis3dsh.o
 .text.LIS3DSH_ODR_LowpowerCmd
                0x00000000       0x2e ./src/bsp/lis3dsh.o
 .text.LIS3DSH_DataRateCmd
                0x00000000       0x2e ./src/bsp/lis3dsh.o
 .text.LIS3DSH_FullScaleCmd
                0x00000000       0x2e ./src/bsp/lis3dsh.o
 .text          0x00000000        0x0 ./src/bsp/stm32f4_discovery.o
 .data          0x00000000        0x0 ./src/bsp/stm32f4_discovery.o
 .bss           0x00000000        0x0 ./src/bsp/stm32f4_discovery.o
 .text.I2Cx_Init
                0x00000000       0xa4 ./src/bsp/stm32f4_discovery.o
 .text.BSP_GetVersion
                0x00000000        0x6 ./src/bsp/stm32f4_discovery.o
 .text.BSP_PB_GetState
                0x00000000       0x14 ./src/bsp/stm32f4_discovery.o
 .text.AUDIO_IO_Init
                0x00000000       0x58 ./src/bsp/stm32f4_discovery.o
 .text.AUDIO_IO_Write
                0x00000000       0x3c ./src/bsp/stm32f4_discovery.o
 .text.AUDIO_IO_Read
                0x00000000       0x40 ./src/bsp/stm32f4_discovery.o
 .rodata.BUTTON_IRQn
                0x00000000        0x1 ./src/bsp/stm32f4_discovery.o
 .rodata.BUTTON_PIN
                0x00000000        0x2 ./src/bsp/stm32f4_discovery.o
 .bss.I2cHandle
                0x00000000       0x38 ./src/bsp/stm32f4_discovery.o
 .data.I2cxTimeout
                0x00000000        0x4 ./src/bsp/stm32f4_discovery.o
 .text          0x00000000        0x0 ./src/bsp/stm32f4_discovery_accelerometer.o
 .data          0x00000000        0x0 ./src/bsp/stm32f4_discovery_accelerometer.o
 .bss           0x00000000        0x0 ./src/bsp/stm32f4_discovery_accelerometer.o
 .text.BSP_ACCELERO_ReadID
                0x00000000       0x10 ./src/bsp/stm32f4_discovery_accelerometer.o
 .text.BSP_ACCELERO_Reset
                0x00000000       0x10 ./src/bsp/stm32f4_discovery_accelerometer.o
 .text.BSP_ACCELERO_Click_ITConfig
                0x00000000       0x10 ./src/bsp/stm32f4_discovery_accelerometer.o
 .text.BSP_ACCELERO_Click_ITClear
                0x00000000       0x10 ./src/bsp/stm32f4_discovery_accelerometer.o
 .text          0x00000000        0x0 ./src/main_chisel.o
 .data          0x00000000        0x0 ./src/main_chisel.o
 .bss           0x00000000        0x0 ./src/main_chisel.o
 .data.pUartTxBuff
                0x00000000       0x1e ./src/main_chisel.o
 .text          0x00000000        0x0 ./src/stm32f4xx_hal_msp.o
 .data          0x00000000        0x0 ./src/stm32f4xx_hal_msp.o
 .bss           0x00000000        0x0 ./src/stm32f4xx_hal_msp.o
 .text.HAL_MspDeInit
                0x00000000        0x2 ./src/stm32f4xx_hal_msp.o
 .text          0x00000000        0x0 ./src/stm32f4xx_it.o
 .data          0x00000000        0x0 ./src/stm32f4xx_it.o
 .bss           0x00000000        0x0 ./src/stm32f4xx_it.o
 .data          0x00000000        0x0 /usr/local/ARMTools/gcc-arm-none-eabi-4_9-2015q1/bin/../lib/gcc/arm-none-eabi/4.9.3/armv7e-m/libgcc.a(_arm_addsubsf3.o)
 .bss           0x00000000        0x0 /usr/local/ARMTools/gcc-arm-none-eabi-4_9-2015q1/bin/../lib/gcc/arm-none-eabi/4.9.3/armv7e-m/libgcc.a(_arm_addsubsf3.o)
 .data          0x00000000        0x0 /usr/local/ARMTools/gcc-arm-none-eabi-4_9-2015q1/bin/../lib/gcc/arm-none-eabi/4.9.3/armv7e-m/libgcc.a(_arm_muldivsf3.o)
 .bss           0x00000000        0x0 /usr/local/ARMTools/gcc-arm-none-eabi-4_9-2015q1/bin/../lib/gcc/arm-none-eabi/4.9.3/armv7e-m/libgcc.a(_arm_muldivsf3.o)
 .data          0x00000000        0x0 /usr/local/ARMTools/gcc-arm-none-eabi-4_9-2015q1/bin/../lib/gcc/arm-none-eabi/4.9.3/armv7e-m/libgcc.a(_arm_fixsfsi.o)
 .bss           0x00000000        0x0 /usr/local/ARMTools/gcc-arm-none-eabi-4_9-2015q1/bin/../lib/gcc/arm-none-eabi/4.9.3/armv7e-m/libgcc.a(_arm_fixsfsi.o)
 .text          0x00000000        0x0 /usr/local/ARMTools/gcc-arm-none-eabi-4_9-2015q1/bin/../lib/gcc/arm-none-eabi/4.9.3/../../../../arm-none-eabi/lib/armv7e-m/libg_nano.a(lib_a-errno.o)
 .data          0x00000000        0x0 /usr/local/ARMTools/gcc-arm-none-eabi-4_9-2015q1/bin/../lib/gcc/arm-none-eabi/4.9.3/../../../../arm-none-eabi/lib/armv7e-m/libg_nano.a(lib_a-errno.o)
 .bss           0x00000000        0x0 /usr/local/ARMTools/gcc-arm-none-eabi-4_9-2015q1/bin/../lib/gcc/arm-none-eabi/4.9.3/../../../../arm-none-eabi/lib/armv7e-m/libg_nano.a(lib_a-errno.o)
 .text.__errno  0x00000000        0xc /usr/local/ARMTools/gcc-arm-none-eabi-4_9-2015q1/bin/../lib/gcc/arm-none-eabi/4.9.3/../../../../arm-none-eabi/lib/armv7e-m/libg_nano.a(lib_a-errno.o)
 .debug_frame   0x00000000       0x20 /usr/local/ARMTools/gcc-arm-none-eabi-4_9-2015q1/bin/../lib/gcc/arm-none-eabi/4.9.3/../../../../arm-none-eabi/lib/armv7e-m/libg_nano.a(lib_a-errno.o)
 .ARM.attributes
                0x00000000       0x2e /usr/local/ARMTools/gcc-arm-none-eabi-4_9-2015q1/bin/../lib/gcc/arm-none-eabi/4.9.3/../../../../arm-none-eabi/lib/armv7e-m/libg_nano.a(lib_a-errno.o)
 .text          0x00000000        0x0 /usr/local/ARMTools/gcc-arm-none-eabi-4_9-2015q1/bin/../lib/gcc/arm-none-eabi/4.9.3/../../../../arm-none-eabi/lib/armv7e-m/libg_nano.a(lib_a-impure.o)
 .data          0x00000000        0x0 /usr/local/ARMTools/gcc-arm-none-eabi-4_9-2015q1/bin/../lib/gcc/arm-none-eabi/4.9.3/../../../../arm-none-eabi/lib/armv7e-m/libg_nano.a(lib_a-impure.o)
 .bss           0x00000000        0x0 /usr/local/ARMTools/gcc-arm-none-eabi-4_9-2015q1/bin/../lib/gcc/arm-none-eabi/4.9.3/../../../../arm-none-eabi/lib/armv7e-m/libg_nano.a(lib_a-impure.o)
 .data.impure_data
                0x00000000       0x60 /usr/local/ARMTools/gcc-arm-none-eabi-4_9-2015q1/bin/../lib/gcc/arm-none-eabi/4.9.3/../../../../arm-none-eabi/lib/armv7e-m/libg_nano.a(lib_a-impure.o)
 .data._impure_ptr
                0x00000000        0x4 /usr/local/ARMTools/gcc-arm-none-eabi-4_9-2015q1/bin/../lib/gcc/arm-none-eabi/4.9.3/../../../../arm-none-eabi/lib/armv7e-m/libg_nano.a(lib_a-impure.o)
 .rodata.str1.1
                0x00000000        0x2 /usr/local/ARMTools/gcc-arm-none-eabi-4_9-2015q1/bin/../lib/gcc/arm-none-eabi/4.9.3/../../../../arm-none-eabi/lib/armv7e-m/libg_nano.a(lib_a-impure.o)
 .rodata._global_impure_ptr
                0x00000000        0x4 /usr/local/ARMTools/gcc-arm-none-eabi-4_9-2015q1/bin/../lib/gcc/arm-none-eabi/4.9.3/../../../../arm-none-eabi/lib/armv7e-m/libg_nano.a(lib_a-impure.o)
 .ARM.attributes
                0x00000000       0x2e /usr/local/ARMTools/gcc-arm-none-eabi-4_9-2015q1/bin/../lib/gcc/arm-none-eabi/4.9.3/../../../../arm-none-eabi/lib/armv7e-m/libg_nano.a(lib_a-impure.o)

Memory Configuration

Name             Origin             Length             Attributes
RAM              0x20000000         0x00020000         xrw
CCMRAM           0x10000000         0x00010000         xrw
FLASH            0x08000000         0x00100000         xr
FLASHB1          0x00000000         0x00000000         xr
EXTMEMB0         0x00000000         0x00000000         xr
EXTMEMB1         0x00000000         0x00000000         xr
EXTMEMB2         0x00000000         0x00000000         xr
EXTMEMB3         0x00000000         0x00000000         xr
MEMORY_ARRAY     0x20002000         0x00000020         xrw
*default*        0x00000000         0xffffffff

Linker script and memory map

LOAD ./system/src/stm32f4-hal/stm32f4xx_hal.o
LOAD ./system/src/stm32f4-hal/stm32f4xx_hal_cortex.o
LOAD ./system/src/stm32f4-hal/stm32f4xx_hal_flash.o
LOAD ./system/src/stm32f4-hal/stm32f4xx_hal_flash_ex.o
LOAD ./system/src/stm32f4-hal/stm32f4xx_hal_flash_ramfunc.o
LOAD ./system/src/stm32f4-hal/stm32f4xx_hal_gpio.o
LOAD ./system/src/stm32f4-hal/stm32f4xx_hal_iwdg.o
LOAD ./system/src/stm32f4-hal/stm32f4xx_hal_pcd_ex.o
LOAD ./system/src/stm32f4-hal/stm32f4xx_hal_pwr.o
LOAD ./system/src/stm32f4-hal/stm32f4xx_hal_pwr_ex.o
LOAD ./system/src/stm32f4-hal/stm32f4xx_hal_rcc.o
LOAD ./system/src/stm32f4-hal/stm32f4xx_hal_rcc_ex.o
LOAD ./system/src/stm32f4-hal/stm32f4xx_hal_spi.o
LOAD ./system/src/stm32f4-hal/stm32f4xx_hal_uart.o
LOAD ./system/src/newlib/_cxx.o
LOAD ./system/src/newlib/_exit.o
LOAD ./system/src/newlib/_sbrk.o
LOAD ./system/src/newlib/_startup.o
LOAD ./system/src/newlib/_syscalls.o
LOAD ./system/src/newlib/assert.o
LOAD ./system/src/diag/Trace.o
LOAD ./system/src/diag/trace_impl.o
LOAD ./system/src/cortexm/_initialize_hardware.o
LOAD ./system/src/cortexm/_reset_hardware.o
LOAD ./system/src/cortexm/exception_handlers.o
LOAD ./system/src/cmsis/system_stm32f4xx.o
LOAD ./system/src/cmsis/vectors_stm32f4xx.o
LOAD ./src/lcd/lib_FONT_Table_m.o
LOAD ./src/lcd/lib_S1D15705_m.o
LOAD ./src/bsp/lis3dsh.o
LOAD ./src/bsp/stm32f4_discovery.o
LOAD ./src/bsp/stm32f4_discovery_accelerometer.o
LOAD ./src/main_chisel.o
LOAD ./src/stm32f4xx_hal_msp.o
LOAD ./src/stm32f4xx_it.o
LOAD /usr/local/ARMTools/gcc-arm-none-eabi-4_9-2015q1/bin/../lib/gcc/arm-none-eabi/4.9.3/../../../../arm-none-eabi/lib/armv7e-m/libstdc++_nano.a
LOAD /usr/local/ARMTools/gcc-arm-none-eabi-4_9-2015q1/bin/../lib/gcc/arm-none-eabi/4.9.3/../../../../arm-none-eabi/lib/armv7e-m/libm.a
START GROUP
LOAD /usr/local/ARMTools/gcc-arm-none-eabi-4_9-2015q1/bin/../lib/gcc/arm-none-eabi/4.9.3/armv7e-m/libgcc.a
LOAD /usr/local/ARMTools/gcc-arm-none-eabi-4_9-2015q1/bin/../lib/gcc/arm-none-eabi/4.9.3/../../../../arm-none-eabi/lib/armv7e-m/libg_nano.a
LOAD /usr/local/ARMTools/gcc-arm-none-eabi-4_9-2015q1/bin/../lib/gcc/arm-none-eabi/4.9.3/../../../../arm-none-eabi/lib/armv7e-m/libc_nano.a
END GROUP
START GROUP
LOAD /usr/local/ARMTools/gcc-arm-none-eabi-4_9-2015q1/bin/../lib/gcc/arm-none-eabi/4.9.3/armv7e-m/libgcc.a
LOAD /usr/local/ARMTools/gcc-arm-none-eabi-4_9-2015q1/bin/../lib/gcc/arm-none-eabi/4.9.3/../../../../arm-none-eabi/lib/armv7e-m/libc_nano.a
END GROUP
                0x20020000                __stack = (ORIGIN (RAM) + 0x20000)
                0x20020000                _estack = __stack
                0x00000400                __Main_Stack_Size = 0x400
                0x00000400                PROVIDE (_Main_Stack_Size, __Main_Stack_Size)
                0x2001fc00                __Main_Stack_Limit = (__stack - __Main_Stack_Size)
                0x2001fc00                PROVIDE (_Main_Stack_Limit, __Main_Stack_Limit)
                0x00000100                _Minimum_Stack_Size = 0x100
                0x20000630                PROVIDE (_Heap_Begin, _end_noinit)
                0x2001fc00                PROVIDE (_Heap_Limit, (__stack - __Main_Stack_Size))

.isr_vector     0x08000000      0x27a
 FILL mask 0xff
                0x08000000                __vectors_start__ = ABSOLUTE (.)
 *(.isr_vector)
 .isr_vector    0x08000000      0x188 ./system/src/cmsis/vectors_stm32f4xx.o
                0x08000000                __isr_vectors
 *(.cfmconfig)
 *(.after_vectors .after_vectors.*)
 .after_vectors
                0x08000188       0xd4 ./system/src/newlib/_startup.o
                0x08000188                _start
 .after_vectors
                0x0800025c       0x1c ./system/src/cortexm/exception_handlers.o
                0x0800025c                Reset_Handler
 .after_vectors
                0x08000278        0x2 ./system/src/cmsis/vectors_stm32f4xx.o
                0x08000278                RTC_Alarm_IRQHandler
                0x08000278                HASH_RNG_IRQHandler
                0x08000278                EXTI2_IRQHandler
                0x08000278                TIM8_CC_IRQHandler
                0x08000278                TIM1_CC_IRQHandler
                0x08000278                DMA2_Stream5_IRQHandler
                0x08000278                DMA1_Stream5_IRQHandler
                0x08000278                PVD_IRQHandler
                0x08000278                SDIO_IRQHandler
                0x08000278                TAMP_STAMP_IRQHandler
                0x08000278                CAN2_RX1_IRQHandler
                0x08000278                EXTI3_IRQHandler
                0x08000278                TIM8_TRG_COM_TIM14_IRQHandler
                0x08000278                TIM1_UP_TIM10_IRQHandler
                0x08000278                TIM8_UP_TIM13_IRQHandler
                0x08000278                I2C3_ER_IRQHandler
                0x08000278                I2C2_EV_IRQHandler
                0x08000278                DMA1_Stream2_IRQHandler
                0x08000278                CAN1_RX0_IRQHandler
                0x08000278                FPU_IRQHandler
                0x08000278                OTG_HS_WKUP_IRQHandler
                0x08000278                CAN2_SCE_IRQHandler
                0x08000278                DMA2_Stream2_IRQHandler
                0x08000278                SPI1_IRQHandler
                0x08000278                TIM6_DAC_IRQHandler
                0x08000278                TIM1_BRK_TIM9_IRQHandler
                0x08000278                DCMI_IRQHandler
                0x08000278                CAN2_RX0_IRQHandler
                0x08000278                DMA2_Stream3_IRQHandler
                0x08000278                USART6_IRQHandler
                0x08000278                USART3_IRQHandler
                0x08000278                CAN1_RX1_IRQHandler
                0x08000278                UART5_IRQHandler
                0x08000278                DMA2_Stream0_IRQHandler
                0x08000278                TIM4_IRQHandler
                0x08000278                I2C1_EV_IRQHandler
                0x08000278                DMA1_Stream6_IRQHandler
                0x08000278                DMA1_Stream1_IRQHandler
                0x08000278                UART4_IRQHandler
                0x08000278                TIM3_IRQHandler
                0x08000278                RCC_IRQHandler
                0x08000278                TIM8_BRK_TIM12_IRQHandler
                0x08000278                Default_Handler
                0x08000278                EXTI15_10_IRQHandler
                0x08000278                ADC_IRQHandler
                0x08000278                DMA1_Stream7_IRQHandler
                0x08000278                TIM7_IRQHandler
                0x08000278                CAN2_TX_IRQHandler
                0x08000278                TIM5_IRQHandler
                0x08000278                DMA2_Stream7_IRQHandler
                0x08000278                I2C3_EV_IRQHandler
                0x08000278                EXTI9_5_IRQHandler
                0x08000278                RTC_WKUP_IRQHandler
                0x08000278                ETH_WKUP_IRQHandler
                0x08000278                SPI2_IRQHandler
                0x08000278                OTG_HS_EP1_IN_IRQHandler
                0x08000278                DMA1_Stream0_IRQHandler
                0x08000278                CAN1_TX_IRQHandler
                0x08000278                EXTI4_IRQHandler
                0x08000278                FSMC_IRQHandler
                0x08000278                ETH_IRQHandler
                0x08000278                OTG_HS_EP1_OUT_IRQHandler
                0x08000278                WWDG_IRQHandler
                0x08000278                TIM2_IRQHandler
                0x08000278                OTG_FS_WKUP_IRQHandler
                0x08000278                TIM1_TRG_COM_TIM11_IRQHandler
                0x08000278                OTG_HS_IRQHandler
                0x08000278                EXTI1_IRQHandler
                0x08000278                USART2_IRQHandler
                0x08000278                I2C2_ER_IRQHandler
                0x08000278                DMA2_Stream1_IRQHandler
                0x08000278                CAN1_SCE_IRQHandler
                0x08000278                FLASH_IRQHandler
                0x08000278                DMA2_Stream4_IRQHandler
                0x08000278                USART1_IRQHandler
                0x08000278                OTG_FS_IRQHandler
                0x08000278                SPI3_IRQHandler
                0x08000278                DMA1_Stream4_IRQHandler
                0x08000278                I2C1_ER_IRQHandler
                0x08000278                DMA2_Stream6_IRQHandler
                0x08000278                DMA1_Stream3_IRQHandler

.inits          0x0800027c       0x28
                0x0800027c                __data_regions_array_start = .
                0x0800027c        0x4 LONG 0x800277c LOADADDR (.data)
                0x08000280        0x4 LONG 0x20000000 ADDR (.data)
                0x08000284        0x4 LONG 0x20000060 (ADDR (.data) + SIZEOF (.data))
                0x08000288        0x4 LONG 0x800277c LOADADDR (.data_CCMRAM)
                0x0800028c        0x4 LONG 0x10000000 ADDR (.data_CCMRAM)
                0x08000290        0x4 LONG 0x10000000 (ADDR (.data_CCMRAM) + SIZEOF (.data_CCMRAM))
                0x08000294                __data_regions_array_end = .
                0x08000294                __bss_regions_array_start = .
                0x08000294        0x4 LONG 0x20000060 ADDR (.bss)
                0x08000298        0x4 LONG 0x20000630 (ADDR (.bss) + SIZEOF (.bss))
                0x0800029c        0x4 LONG 0x10000000 ADDR (.bss_CCMRAM)
                0x080002a0        0x4 LONG 0x10000000 (ADDR (.bss_CCMRAM) + SIZEOF (.bss_CCMRAM))
                0x080002a4                __bss_regions_array_end = .
 *(.init)
 *(.fini)
                0x080002a4                . = ALIGN (0x4)
                0x080002a4                PROVIDE (__preinit_array_start, .)
 *(.preinit_array_sysinit .preinit_array_sysinit.*)
 *(.preinit_array_platform .preinit_array_platform.*)
 *(.preinit_array .preinit_array.*)
                0x080002a4                PROVIDE (__preinit_array_end, .)
                0x080002a4                . = ALIGN (0x4)
                0x080002a4                PROVIDE (__init_array_start, .)
 *(SORT(.init_array.*))
 *(.init_array)
                0x080002a4                PROVIDE (__init_array_end, .)
                0x080002a4                . = ALIGN (0x4)
                0x080002a4                PROVIDE (__fini_array_start, .)
 *(SORT(.fini_array.*))
 *(.fini_array)
                0x080002a4                PROVIDE (__fini_array_end, .)

.flashtext
 *(.flashtext .flashtext.*)

.text           0x080002a4     0x24d8
 *(.text .text.*)
 .text.HAL_InitTick
                0x080002a4       0x24 ./system/src/stm32f4-hal/stm32f4xx_hal.o
                0x080002a4                HAL_InitTick
 .text.HAL_Init
                0x080002c8       0x34 ./system/src/stm32f4-hal/stm32f4xx_hal.o
                0x080002c8                HAL_Init
 .text.HAL_IncTick
                0x080002fc       0x10 ./system/src/stm32f4-hal/stm32f4xx_hal.o
                0x080002fc                HAL_IncTick
 .text.HAL_GetTick
                0x0800030c        0xc ./system/src/stm32f4-hal/stm32f4xx_hal.o
                0x0800030c                HAL_GetTick
 .text.HAL_NVIC_SetPriorityGrouping
                0x08000318       0x24 ./system/src/stm32f4-hal/stm32f4xx_hal_cortex.o
                0x08000318                HAL_NVIC_SetPriorityGrouping
 .text.HAL_NVIC_SetPriority
                0x0800033c       0x60 ./system/src/stm32f4-hal/stm32f4xx_hal_cortex.o
                0x0800033c                HAL_NVIC_SetPriority
 .text.HAL_NVIC_EnableIRQ
                0x0800039c       0x18 ./system/src/stm32f4-hal/stm32f4xx_hal_cortex.o
                0x0800039c                HAL_NVIC_EnableIRQ
 .text.HAL_SYSTICK_Config
                0x080003b4       0x2c ./system/src/stm32f4-hal/stm32f4xx_hal_cortex.o
                0x080003b4                HAL_SYSTICK_Config
 .text.HAL_GPIO_Init
                0x080003e0      0x1c8 ./system/src/stm32f4-hal/stm32f4xx_hal_gpio.o
                0x080003e0                HAL_GPIO_Init
 .text.HAL_GPIO_WritePin
                0x080005a8        0xa ./system/src/stm32f4-hal/stm32f4xx_hal_gpio.o
                0x080005a8                HAL_GPIO_WritePin
 .text.HAL_GPIO_TogglePin
                0x080005b2        0x8 ./system/src/stm32f4-hal/stm32f4xx_hal_gpio.o
                0x080005b2                HAL_GPIO_TogglePin
 *fill*         0x080005ba        0x2 
 .text.HAL_GPIO_EXTI_IRQHandler
                0x080005bc       0x18 ./system/src/stm32f4-hal/stm32f4xx_hal_gpio.o
                0x080005bc                HAL_GPIO_EXTI_IRQHandler
 .text.HAL_RCC_OscConfig
                0x080005d4      0x31c ./system/src/stm32f4-hal/stm32f4xx_hal_rcc.o
                0x080005d4                HAL_RCC_OscConfig
 .text.HAL_RCC_ClockConfig
                0x080008f0      0x1c8 ./system/src/stm32f4-hal/stm32f4xx_hal_rcc.o
                0x080008f0                HAL_RCC_ClockConfig
 .text.HAL_RCC_MCOConfig
                0x08000ab8       0x7c ./system/src/stm32f4-hal/stm32f4xx_hal_rcc.o
                0x08000ab8                HAL_RCC_MCOConfig
 .text.HAL_RCC_GetSysClockFreq
                0x08000b34       0x94 ./system/src/stm32f4-hal/stm32f4xx_hal_rcc.o
                0x08000b34                HAL_RCC_GetSysClockFreq
 .text.HAL_RCC_GetHCLKFreq
                0x08000bc8       0x38 ./system/src/stm32f4-hal/stm32f4xx_hal_rcc.o
                0x08000bc8                HAL_RCC_GetHCLKFreq
 .text.HAL_RCC_GetPCLK1Freq
                0x08000c00       0x30 ./system/src/stm32f4-hal/stm32f4xx_hal_rcc.o
                0x08000c00                HAL_RCC_GetPCLK1Freq
 .text.HAL_RCC_GetPCLK2Freq
                0x08000c30       0x30 ./system/src/stm32f4-hal/stm32f4xx_hal_rcc.o
                0x08000c30                HAL_RCC_GetPCLK2Freq
 .text.SPI_WaitOnFlagUntilTimeout
                0x08000c60       0x92 ./system/src/stm32f4-hal/stm32f4xx_hal_spi.o
 .text.HAL_SPI_MspInit
                0x08000cf2        0x2 ./system/src/stm32f4-hal/stm32f4xx_hal_spi.o
                0x08000cf2                HAL_SPI_MspInit
 .text.HAL_SPI_Init
                0x08000cf4       0x74 ./system/src/stm32f4-hal/stm32f4xx_hal_spi.o
                0x08000cf4                HAL_SPI_Init
 .text.HAL_SPI_MspDeInit
                0x08000d68        0x2 ./system/src/stm32f4-hal/stm32f4xx_hal_spi.o
                0x08000d68                HAL_SPI_MspDeInit
 .text.HAL_SPI_DeInit
                0x08000d6a       0x28 ./system/src/stm32f4-hal/stm32f4xx_hal_spi.o
                0x08000d6a                HAL_SPI_DeInit
 .text.HAL_SPI_TransmitReceive
                0x08000d92      0x2a0 ./system/src/stm32f4-hal/stm32f4xx_hal_spi.o
                0x08000d92                HAL_SPI_TransmitReceive
 .text.HAL_SPI_GetState
                0x08001032        0x6 ./system/src/stm32f4-hal/stm32f4xx_hal_spi.o
                0x08001032                HAL_SPI_GetState
 .text.UART_SetConfig
                0x08001038      0x148 ./system/src/stm32f4-hal/stm32f4xx_hal_uart.o
 .text.HAL_UART_Init
                0x08001180       0x52 ./system/src/stm32f4-hal/stm32f4xx_hal_uart.o
                0x08001180                HAL_UART_Init
 .text._exit    0x080011d2        0x6 ./system/src/newlib/_exit.o
                0x080011d2                _exit
 .text.__initialize_args
                0x080011d8       0x10 ./system/src/newlib/_syscalls.o
                0x080011d8                __initialize_args
 .text.__initialize_hardware_early
                0x080011e8        0x4 ./system/src/cortexm/_initialize_hardware.o
                0x080011e8                __initialize_hardware_early
 .text.__initialize_hardware
                0x080011ec        0x4 ./system/src/cortexm/_initialize_hardware.o
                0x080011ec                __initialize_hardware
 .text.__reset_hardware
                0x080011f0       0x20 ./system/src/cortexm/_reset_hardware.o
                0x080011f0                __reset_hardware
 .text.SystemInit
                0x08001210       0x40 ./system/src/cmsis/system_stm32f4xx.o
                0x08001210                SystemInit
 .text.SystemCoreClockUpdate
                0x08001250       0x74 ./system/src/cmsis/system_stm32f4xx.o
                0x08001250                SystemCoreClockUpdate
 .text.LCD_PortSetup
                0x080012c4       0x78 ./src/lcd/lib_S1D15705_m.o
                0x080012c4                LCD_PortSetup
 .text.LCD_Wrc  0x0800133c       0x64 ./src/lcd/lib_S1D15705_m.o
                0x0800133c                LCD_Wrc
 .text.LCD_SetCursor
                0x080013a0       0x36 ./src/lcd/lib_S1D15705_m.o
                0x080013a0                LCD_SetCursor
 *fill*         0x080013d6        0x2 
 .text.LCD_Wrd  0x080013d8       0x50 ./src/lcd/lib_S1D15705_m.o
                0x080013d8                LCD_Wrd
 .text.LCD_Clean
                0x08001428       0x3c ./src/lcd/lib_S1D15705_m.o
                0x08001428                LCD_Clean
 .text.LCD_BUFF_Clean
                0x08001464       0x24 ./src/lcd/lib_S1D15705_m.o
                0x08001464                LCD_BUFF_Clean
 .text.LCD_Init
                0x08001488       0x4e ./src/lcd/lib_S1D15705_m.o
                0x08001488                LCD_Init
 *fill*         0x080014d6        0x2 
 .text.LCD_Update
                0x080014d8       0x3c ./src/lcd/lib_S1D15705_m.o
                0x080014d8                LCD_Update
 .text.LCD_BUFF_Wrs
                0x08001514       0x4c ./src/lcd/lib_S1D15705_m.o
                0x08001514                LCD_BUFF_Wrs
 .text.LCD_BUFF_Wrv_U32Dec
                0x08001560       0xf8 ./src/lcd/lib_S1D15705_m.o
                0x08001560                LCD_BUFF_Wrv_U32Dec
 .text.LCD_BUFF_Wrv_S16Dec
                0x08001658       0x98 ./src/lcd/lib_S1D15705_m.o
                0x08001658                LCD_BUFF_Wrv_S16Dec
 .text.LIS3DSH_Init
                0x080016f0       0x32 ./src/bsp/lis3dsh.o
                0x080016f0                LIS3DSH_Init
 .text.LIS3DSH_ReadID
                0x08001722       0x20 ./src/bsp/lis3dsh.o
                0x08001722                LIS3DSH_ReadID
 .text.LIS3DSH_RebootCmd
                0x08001742       0x2c ./src/bsp/lis3dsh.o
                0x08001742                LIS3DSH_RebootCmd
 *fill*         0x0800176e        0x2 
 .text.LIS3DSH_ReadACC
                0x08001770       0xa0 ./src/bsp/lis3dsh.o
                0x08001770                LIS3DSH_ReadACC
 .text.LIS3DSH_InterruptConfig
                0x08001810       0x4a ./src/bsp/lis3dsh.o
                0x08001810                LIS3DSH_InterruptConfig
 .text.LIS3DSH_Click_IntConfig
                0x0800185a       0xd8 ./src/bsp/lis3dsh.o
                0x0800185a                LIS3DSH_Click_IntConfig
 *fill*         0x08001932        0x2 
 .text.SPIx_Init
                0x08001934       0x7c ./src/bsp/stm32f4_discovery.o
 .text.SPIx_WriteRead
                0x080019b0       0x40 ./src/bsp/stm32f4_discovery.o
 .text.BSP_LED_Init
                0x080019f0       0x5c ./src/bsp/stm32f4_discovery.o
                0x080019f0                BSP_LED_Init
 .text.BSP_LED_On
                0x08001a4c       0x1c ./src/bsp/stm32f4_discovery.o
                0x08001a4c                BSP_LED_On
 .text.BSP_LED_Off
                0x08001a68       0x1c ./src/bsp/stm32f4_discovery.o
                0x08001a68                BSP_LED_Off
 .text.BSP_LED_Toggle
                0x08001a84       0x1c ./src/bsp/stm32f4_discovery.o
                0x08001a84                BSP_LED_Toggle
 .text.BSP_PB_Init
                0x08001aa0       0x68 ./src/bsp/stm32f4_discovery.o
                0x08001aa0                BSP_PB_Init
 .text.ACCELERO_IO_Init
                0x08001b08       0x40 ./src/bsp/stm32f4_discovery.o
                0x08001b08                ACCELERO_IO_Init
 .text.ACCELERO_IO_ITConfig
                0x08001b48       0x44 ./src/bsp/stm32f4_discovery.o
                0x08001b48                ACCELERO_IO_ITConfig
 .text.ACCELERO_IO_Write
                0x08001b8c       0x44 ./src/bsp/stm32f4_discovery.o
                0x08001b8c                ACCELERO_IO_Write
 .text.ACCELERO_IO_Read
                0x08001bd0       0x48 ./src/bsp/stm32f4_discovery.o
                0x08001bd0                ACCELERO_IO_Read
 .text.BSP_ACCELERO_Init
                0x08001c18       0x28 ./src/bsp/stm32f4_discovery_accelerometer.o
                0x08001c18                BSP_ACCELERO_Init
 .text.BSP_ACCELERO_GetXYZ
                0x08001c40       0x10 ./src/bsp/stm32f4_discovery_accelerometer.o
                0x08001c40                BSP_ACCELERO_GetXYZ
 .text.unlikely.Error_Handler
                0x08001c50        0xa ./src/main_chisel.o
 *fill*         0x08001c5a        0x2 
 .text.startup.main
                0x08001c5c      0x1d4 ./src/main_chisel.o
                0x08001c5c                main
 .text.HAL_GPIO_EXTI_Callback
                0x08001e30       0x74 ./src/main_chisel.o
                0x08001e30                HAL_GPIO_EXTI_Callback
 .text.HAL_MspInit
                0x08001ea4        0x2 ./src/stm32f4xx_hal_msp.o
                0x08001ea4                HAL_MspInit
 *fill*         0x08001ea6        0x2 
 .text.HAL_UART_MspInit
                0x08001ea8       0x64 ./src/stm32f4xx_hal_msp.o
                0x08001ea8                HAL_UART_MspInit
 .text.NMI_Handler
                0x08001f0c        0x2 ./src/stm32f4xx_it.o
                0x08001f0c                NMI_Handler
 .text.HardFault_Handler
                0x08001f0e        0x2 ./src/stm32f4xx_it.o
                0x08001f0e                HardFault_Handler
 .text.MemManage_Handler
                0x08001f10        0x2 ./src/stm32f4xx_it.o
                0x08001f10                MemManage_Handler
 .text.BusFault_Handler
                0x08001f12        0x2 ./src/stm32f4xx_it.o
                0x08001f12                BusFault_Handler
 .text.UsageFault_Handler
                0x08001f14        0x2 ./src/stm32f4xx_it.o
                0x08001f14                UsageFault_Handler
 .text.SVC_Handler
                0x08001f16        0x2 ./src/stm32f4xx_it.o
                0x08001f16                SVC_Handler
 .text.DebugMon_Handler
                0x08001f18        0x2 ./src/stm32f4xx_it.o
                0x08001f18                DebugMon_Handler
 .text.PendSV_Handler
                0x08001f1a        0x2 ./src/stm32f4xx_it.o
                0x08001f1a                PendSV_Handler
 .text.SysTick_Handler
                0x08001f1c       0x22 ./src/stm32f4xx_it.o
                0x08001f1c                SysTick_Handler
 .text.EXTI0_IRQHandler
                0x08001f3e        0x6 ./src/stm32f4xx_it.o
                0x08001f3e                EXTI0_IRQHandler
 .text          0x08001f44      0x21c /usr/local/ARMTools/gcc-arm-none-eabi-4_9-2015q1/bin/../lib/gcc/arm-none-eabi/4.9.3/armv7e-m/libgcc.a(_arm_addsubsf3.o)
                0x08001f44                __aeabi_frsub
                0x08001f4c                __subsf3
                0x08001f4c                __aeabi_fsub
                0x08001f50                __aeabi_fadd
                0x08001f50                __addsf3
                0x080020b0                __aeabi_ui2f
                0x080020b0                __floatunsisf
                0x080020b8                __aeabi_i2f
                0x080020b8                __floatsisf
                0x080020d4                __floatundisf
                0x080020d4                __aeabi_ul2f
                0x080020e4                __floatdisf
                0x080020e4                __aeabi_l2f
 .text          0x08002160      0x2a0 /usr/local/ARMTools/gcc-arm-none-eabi-4_9-2015q1/bin/../lib/gcc/arm-none-eabi/4.9.3/armv7e-m/libgcc.a(_arm_muldivsf3.o)
                0x08002160                __mulsf3
                0x08002160                __aeabi_fmul
                0x080022c8                __divsf3
                0x080022c8                __aeabi_fdiv
 .text          0x08002400       0x4c /usr/local/ARMTools/gcc-arm-none-eabi-4_9-2015q1/bin/../lib/gcc/arm-none-eabi/4.9.3/armv7e-m/libgcc.a(_arm_fixsfsi.o)
                0x08002400                __fixsfsi
                0x08002400                __aeabi_f2iz
 *(.rodata .rodata.* .constdata .constdata.*)
 .rodata.APBAHBPrescTable
                0x0800244c       0x10 ./system/src/stm32f4-hal/stm32f4xx_hal_rcc.o
                0x0800244c                APBAHBPrescTable
 .rodata.pucFONT_Table_128x5
                0x0800245c      0x280 ./src/lcd/lib_FONT_Table_m.o
                0x0800245c                pucFONT_Table_128x5
 .rodata.str1.1
                0x080026dc       0x18 ./src/lcd/lib_S1D15705_m.o
                                 0x29 (size before relaxing)
 .rodata.CSWTCH.22
                0x080026f4       0x64 ./src/bsp/lis3dsh.o
 .rodata.GPIO_PIN
                0x08002758        0x8 ./src/bsp/stm32f4_discovery.o
                0x08002758                GPIO_PIN
 .rodata.str1.1
                0x08002760       0x1c ./src/main_chisel.o
 *(vtable)
 *(.eh_frame*)
 *(.glue_7)
 .glue_7        0x00000000        0x0 linker stubs
 *(.glue_7t)
 .glue_7t       0x00000000        0x0 linker stubs

.vfp11_veneer   0x0800277c        0x0
 .vfp11_veneer  0x00000000        0x0 linker stubs

.v4_bx          0x0800277c        0x0
 .v4_bx         0x00000000        0x0 linker stubs

.iplt           0x0800277c        0x0
 .iplt          0x00000000        0x0 ./system/src/stm32f4-hal/stm32f4xx_hal.o

.rel.dyn        0x0800277c        0x0
 .rel.iplt      0x00000000        0x0 ./system/src/stm32f4-hal/stm32f4xx_hal.o

.ARM.extab
 *(.ARM.extab* .gnu.linkonce.armextab.*)
                0x0800277c                . = ALIGN (0x4)
                0x0800277c                __exidx_start = .

.ARM.exidx
 *(.ARM.exidx* .gnu.linkonce.armexidx.*)
                0x0800277c                __exidx_end = .
                0x0800277c                . = ALIGN (0x4)
                0x0800277c                _etext = .
                0x0800277c                __etext = .

.data_CCMRAM    0x10000000        0x0 load address 0x0800277c
 FILL mask 0xff
 *(.data.CCMRAM .data.CCMRAM.*)
                0x10000000                . = ALIGN (0x4)
                0x0800277c                _sidata = LOADADDR (.data)

.data           0x20000000       0x60 load address 0x0800277c
 FILL mask 0xff
                0x20000000                _sdata = .
                0x20000000                __data_start__ = .
 *(.data_begin .data_begin.*)
 *(.data .data.*)
 .data.argv.4510
                0x20000000        0x8 ./system/src/newlib/_syscalls.o
 .data.AHBPrescTable
                0x20000008       0x10 ./system/src/cmsis/system_stm32f4xx.o
                0x20000008                AHBPrescTable
 .data.SystemCoreClock
                0x20000018        0x4 ./system/src/cmsis/system_stm32f4xx.o
                0x20000018                SystemCoreClock
 .data.Lis3dshDrv
                0x2000001c       0x2c ./src/bsp/lis3dsh.o
                0x2000001c                Lis3dshDrv
 .data.GPIO_PORT
                0x20000048       0x10 ./src/bsp/stm32f4_discovery.o
                0x20000048                GPIO_PORT
 .data.SpixTimeout
                0x20000058        0x4 ./src/bsp/stm32f4_discovery.o
                0x20000058                SpixTimeout
 .data.BUTTON_PORT
                0x2000005c        0x4 ./src/bsp/stm32f4_discovery.o
                0x2000005c                BUTTON_PORT
 *(.data_end .data_end.*)
                0x20000060                . = ALIGN (0x4)
                0x20000060                _edata = .
                0x20000060                __data_end__ = .

.igot.plt       0x20000060        0x0 load address 0x080027dc
 .igot.plt      0x00000000        0x0 ./system/src/stm32f4-hal/stm32f4xx_hal.o

.bss_CCMRAM     0x10000000        0x0
 *(.bss.CCMRAM .bss.CCMRAM.*)

.bss            0x20000060      0x5d0
                0x20000060                __bss_start__ = .
                0x20000060                _sbss = .
 *(.bss_begin .bss_begin.*)
 *(.bss .bss.*)
 .bss.uwTick    0x20000060        0x4 ./system/src/stm32f4-hal/stm32f4xx_hal.o
 .bss.name.4509
                0x20000064        0x1 ./system/src/newlib/_syscalls.o
 *fill*         0x20000065        0x3 
 .bss.SpiHandle
                0x20000068       0x54 ./src/bsp/stm32f4_discovery.o
 .bss.AcceleroDrv
                0x200000bc        0x4 ./src/bsp/stm32f4_discovery_accelerometer.o
 .bss.AccelerationMeas
                0x200000c0        0x6 ./src/main_chisel.o
                0x200000c0                AccelerationMeas
 *(COMMON)
 *fill*         0x200000c6        0x2 
 COMMON         0x200000c8      0x529 ./src/lcd/lib_S1D15705_m.o
                0x200000c8                GPIO_InitStruct
                0x200000dc                sLcdBuffor
 *fill*         0x200005f1        0x3 
 COMMON         0x200005f4       0x3c ./src/main_chisel.o
                0x200005f4                UART_MyHandle
 *(.bss_end .bss_end.*)
                0x20000630                . = ALIGN (0x4)
                0x20000630                __bss_end__ = .
                0x20000630                _ebss = .

.noinit_CCMRAM
 *(.noinit.CCMRAM .noinit.CCMRAM.*)

.noinit         0x20000630        0x0
                0x20000630                _noinit = .
 *(.noinit .noinit.*)
                0x20000630                . = ALIGN (0x4)
                0x20000630                _end_noinit = .
                0x20000630                PROVIDE (end, _end_noinit)
                0x20000630                PROVIDE (_end, _end_noinit)
                0x20000630                PROVIDE (__end, _end_noinit)
                0x20000630                PROVIDE (__end__, _end_noinit)

._check_stack   0x20000630      0x100
                0x20000730                . = (. + _Minimum_Stack_Size)
 *fill*         0x20000630      0x100 

.b1text
 *(.b1text)
 *(.b1rodata)
 *(.b1rodata.*)

.eb0text
 *(.eb0text)
 *(.eb0rodata)
 *(.eb0rodata.*)

.eb1text
 *(.eb1text)
 *(.eb1rodata)
 *(.eb1rodata.*)

.eb2text
 *(.eb2text)
 *(.eb2rodata)
 *(.eb2rodata.*)

.eb3text
 *(.eb3text)
 *(.eb3rodata)
 *(.eb3rodata.*)

.stab
 *(.stab)

.stabstr
 *(.stabstr)

.stab.excl
 *(.stab.excl)

.stab.exclstr
 *(.stab.exclstr)

.stab.index
 *(.stab.index)

.stab.indexstr
 *(.stab.indexstr)

.comment        0x00000000       0x70
 *(.comment)
 .comment       0x00000000       0x70 ./system/src/stm32f4-hal/stm32f4xx_hal.o
                                 0x71 (size before relaxing)
 .comment       0x00000000       0x71 ./system/src/stm32f4-hal/stm32f4xx_hal_cortex.o
 .comment       0x00000000       0x71 ./system/src/stm32f4-hal/stm32f4xx_hal_gpio.o
 .comment       0x00000000       0x71 ./system/src/stm32f4-hal/stm32f4xx_hal_rcc.o
 .comment       0x00000000       0x71 ./system/src/stm32f4-hal/stm32f4xx_hal_spi.o
 .comment       0x00000000       0x71 ./system/src/stm32f4-hal/stm32f4xx_hal_uart.o
 .comment       0x00000000       0x71 ./system/src/newlib/_exit.o
 .comment       0x00000000       0x71 ./system/src/newlib/_startup.o
 .comment       0x00000000       0x71 ./system/src/newlib/_syscalls.o
 .comment       0x00000000       0x71 ./system/src/cortexm/_initialize_hardware.o
 .comment       0x00000000       0x71 ./system/src/cortexm/_reset_hardware.o
 .comment       0x00000000       0x71 ./system/src/cortexm/exception_handlers.o
 .comment       0x00000000       0x71 ./system/src/cmsis/system_stm32f4xx.o
 .comment       0x00000000       0x71 ./system/src/cmsis/vectors_stm32f4xx.o
 .comment       0x00000000       0x71 ./src/lcd/lib_FONT_Table_m.o
 .comment       0x00000000       0x71 ./src/lcd/lib_S1D15705_m.o
 .comment       0x00000000       0x71 ./src/bsp/lis3dsh.o
 .comment       0x00000000       0x71 ./src/bsp/stm32f4_discovery.o
 .comment       0x00000000       0x71 ./src/bsp/stm32f4_discovery_accelerometer.o
 .comment       0x00000000       0x71 ./src/main_chisel.o
 .comment       0x00000000       0x71 ./src/stm32f4xx_hal_msp.o
 .comment       0x00000000       0x71 ./src/stm32f4xx_it.o

.ARM.attributes
                0x00000000       0x33
 .ARM.attributes
                0x00000000       0x33 ./system/src/stm32f4-hal/stm32f4xx_hal.o
 .ARM.attributes
                0x00000033       0x33 ./system/src/stm32f4-hal/stm32f4xx_hal_cortex.o
 .ARM.attributes
                0x00000066       0x33 ./system/src/stm32f4-hal/stm32f4xx_hal_gpio.o
 .ARM.attributes
                0x00000099       0x33 ./system/src/stm32f4-hal/stm32f4xx_hal_rcc.o
 .ARM.attributes
                0x000000cc       0x33 ./system/src/stm32f4-hal/stm32f4xx_hal_spi.o
 .ARM.attributes
                0x000000ff       0x33 ./system/src/stm32f4-hal/stm32f4xx_hal_uart.o
 .ARM.attributes
                0x00000132       0x33 ./system/src/newlib/_exit.o
 .ARM.attributes
                0x00000165       0x33 ./system/src/newlib/_startup.o
 .ARM.attributes
                0x00000198       0x33 ./system/src/newlib/_syscalls.o
 .ARM.attributes
                0x000001cb       0x33 ./system/src/cortexm/_initialize_hardware.o
 .ARM.attributes
                0x000001fe       0x33 ./system/src/cortexm/_reset_hardware.o
 .ARM.attributes
                0x00000231       0x33 ./system/src/cortexm/exception_handlers.o
 .ARM.attributes
                0x00000264       0x33 ./system/src/cmsis/system_stm32f4xx.o
 .ARM.attributes
                0x00000297       0x33 ./system/src/cmsis/vectors_stm32f4xx.o
 .ARM.attributes
                0x000002ca       0x33 ./src/lcd/lib_FONT_Table_m.o
 .ARM.attributes
                0x000002fd       0x33 ./src/lcd/lib_S1D15705_m.o
 .ARM.attributes
                0x00000330       0x33 ./src/bsp/lis3dsh.o
 .ARM.attributes
                0x00000363       0x33 ./src/bsp/stm32f4_discovery.o
 .ARM.attributes
                0x00000396       0x33 ./src/bsp/stm32f4_discovery_accelerometer.o
 .ARM.attributes
                0x000003c9       0x33 ./src/main_chisel.o
 .ARM.attributes
                0x000003fc       0x33 ./src/stm32f4xx_hal_msp.o
 .ARM.attributes
                0x0000042f       0x33 ./src/stm32f4xx_it.o
 .ARM.attributes
                0x00000462       0x1e /usr/local/ARMTools/gcc-arm-none-eabi-4_9-2015q1/bin/../lib/gcc/arm-none-eabi/4.9.3/armv7e-m/libgcc.a(_arm_addsubsf3.o)
 .ARM.attributes
                0x00000480       0x1e /usr/local/ARMTools/gcc-arm-none-eabi-4_9-2015q1/bin/../lib/gcc/arm-none-eabi/4.9.3/armv7e-m/libgcc.a(_arm_muldivsf3.o)
 .ARM.attributes
                0x0000049e       0x1e /usr/local/ARMTools/gcc-arm-none-eabi-4_9-2015q1/bin/../lib/gcc/arm-none-eabi/4.9.3/armv7e-m/libgcc.a(_arm_fixsfsi.o)

.debug
 *(.debug)

.line
 *(.line)

.debug_srcinfo
 *(.debug_srcinfo)

.debug_sfnames
 *(.debug_sfnames)

.debug_aranges  0x00000000      0x9f0
 *(.debug_aranges)
 .debug_aranges
                0x00000000       0xc0 ./system/src/stm32f4-hal/stm32f4xx_hal.o
 .debug_aranges
                0x000000c0       0x90 ./system/src/stm32f4-hal/stm32f4xx_hal_cortex.o
 .debug_aranges
                0x00000150       0x58 ./system/src/stm32f4-hal/stm32f4xx_hal_gpio.o
 .debug_aranges
                0x000001a8       0x88 ./system/src/stm32f4-hal/stm32f4xx_hal_rcc.o
 .debug_aranges
                0x00000230      0x148 ./system/src/stm32f4-hal/stm32f4xx_hal_spi.o
 .debug_aranges
                0x00000378      0x138 ./system/src/stm32f4-hal/stm32f4xx_hal_uart.o
 .debug_aranges
                0x000004b0       0x28 ./system/src/newlib/_exit.o
 .debug_aranges
                0x000004d8       0x40 ./system/src/newlib/_startup.o
 .debug_aranges
                0x00000518       0xd0 ./system/src/newlib/_syscalls.o
 .debug_aranges
                0x000005e8       0x28 ./system/src/cortexm/_initialize_hardware.o
 .debug_aranges
                0x00000610       0x20 ./system/src/cortexm/_reset_hardware.o
 .debug_aranges
                0x00000630       0x68 ./system/src/cortexm/exception_handlers.o
 .debug_aranges
                0x00000698       0x28 ./system/src/cmsis/system_stm32f4xx.o
 .debug_aranges
                0x000006c0       0x20 ./system/src/cmsis/vectors_stm32f4xx.o
 .debug_aranges
                0x000006e0       0x18 ./src/lcd/lib_FONT_Table_m.o
 .debug_aranges
                0x000006f8       0xe8 ./src/lcd/lib_S1D15705_m.o
 .debug_aranges
                0x000007e0       0x60 ./src/bsp/lis3dsh.o
 .debug_aranges
                0x00000840       0xa0 ./src/bsp/stm32f4_discovery.o
 .debug_aranges
                0x000008e0       0x48 ./src/bsp/stm32f4_discovery_accelerometer.o
 .debug_aranges
                0x00000928       0x30 ./src/main_chisel.o
 .debug_aranges
                0x00000958       0x30 ./src/stm32f4xx_hal_msp.o
 .debug_aranges
                0x00000988       0x68 ./src/stm32f4xx_it.o

.debug_pubnames
 *(.debug_pubnames)

.debug_info     0x00000000     0xc68c
 *(.debug_info .gnu.linkonce.wi.*)
 .debug_info    0x00000000      0x89e ./system/src/stm32f4-hal/stm32f4xx_hal.o
 .debug_info    0x0000089e      0xcc4 ./system/src/stm32f4-hal/stm32f4xx_hal_cortex.o
 .debug_info    0x00001562      0x6e8 ./system/src/stm32f4-hal/stm32f4xx_hal_gpio.o
 .debug_info    0x00001c4a     0x1035 ./system/src/stm32f4-hal/stm32f4xx_hal_rcc.o
 .debug_info    0x00002c7f     0x16ae ./system/src/stm32f4-hal/stm32f4xx_hal_spi.o
 .debug_info    0x0000432d     0x11b6 ./system/src/stm32f4-hal/stm32f4xx_hal_uart.o
 .debug_info    0x000054e3      0x100 ./system/src/newlib/_exit.o
 .debug_info    0x000055e3      0x4a9 ./system/src/newlib/_startup.o
 .debug_info    0x00005a8c      0x8ef ./system/src/newlib/_syscalls.o
 .debug_info    0x0000637b       0xe6 ./system/src/cortexm/_initialize_hardware.o
 .debug_info    0x00006461      0x2b2 ./system/src/cortexm/_reset_hardware.o
 .debug_info    0x00006713       0xd0 ./system/src/cortexm/exception_handlers.o
 .debug_info    0x000067e3      0x4a3 ./system/src/cmsis/system_stm32f4xx.o
 .debug_info    0x00006c86       0x8e ./system/src/cmsis/vectors_stm32f4xx.o
 .debug_info    0x00006d14       0xad ./src/lcd/lib_FONT_Table_m.o
 .debug_info    0x00006dc1     0x152f ./src/lcd/lib_S1D15705_m.o
 .debug_info    0x000082f0      0x895 ./src/bsp/lis3dsh.o
 .debug_info    0x00008b85     0x1967 ./src/bsp/stm32f4_discovery.o
 .debug_info    0x0000a4ec      0x35b ./src/bsp/stm32f4_discovery_accelerometer.o
 .debug_info    0x0000a847     0x13c2 ./src/main_chisel.o
 .debug_info    0x0000bc09      0x882 ./src/stm32f4xx_hal_msp.o
 .debug_info    0x0000c48b      0x201 ./src/stm32f4xx_it.o

.debug_abbrev   0x00000000     0x26f9
 *(.debug_abbrev)
 .debug_abbrev  0x00000000      0x1f4 ./system/src/stm32f4-hal/stm32f4xx_hal.o
 .debug_abbrev  0x000001f4      0x2e5 ./system/src/stm32f4-hal/stm32f4xx_hal_cortex.o
 .debug_abbrev  0x000004d9      0x1bf ./system/src/stm32f4-hal/stm32f4xx_hal_gpio.o
 .debug_abbrev  0x00000698      0x315 ./system/src/stm32f4-hal/stm32f4xx_hal_rcc.o
 .debug_abbrev  0x000009ad      0x33d ./system/src/stm32f4-hal/stm32f4xx_hal_spi.o
 .debug_abbrev  0x00000cea      0x2b3 ./system/src/stm32f4-hal/stm32f4xx_hal_uart.o
 .debug_abbrev  0x00000f9d       0xb8 ./system/src/newlib/_exit.o
 .debug_abbrev  0x00001055      0x219 ./system/src/newlib/_startup.o
 .debug_abbrev  0x0000126e      0x175 ./system/src/newlib/_syscalls.o
 .debug_abbrev  0x000013e3       0x88 ./system/src/cortexm/_initialize_hardware.o
 .debug_abbrev  0x0000146b       0xe7 ./system/src/cortexm/_reset_hardware.o
 .debug_abbrev  0x00001552       0x2c ./system/src/cortexm/exception_handlers.o
 .debug_abbrev  0x0000157e      0x101 ./system/src/cmsis/system_stm32f4xx.o
 .debug_abbrev  0x0000167f       0x8f ./system/src/cmsis/vectors_stm32f4xx.o
 .debug_abbrev  0x0000170e       0x5d ./src/lcd/lib_FONT_Table_m.o
 .debug_abbrev  0x0000176b      0x36b ./src/lcd/lib_S1D15705_m.o
 .debug_abbrev  0x00001ad6      0x1d0 ./src/bsp/lis3dsh.o
 .debug_abbrev  0x00001ca6      0x369 ./src/bsp/stm32f4_discovery.o
 .debug_abbrev  0x0000200f      0x185 ./src/bsp/stm32f4_discovery_accelerometer.o
 .debug_abbrev  0x00002194      0x2bc ./src/main_chisel.o
 .debug_abbrev  0x00002450      0x190 ./src/stm32f4xx_hal_msp.o
 .debug_abbrev  0x000025e0      0x119 ./src/stm32f4xx_it.o

.debug_line     0x00000000     0x4324
 *(.debug_line)
 .debug_line    0x00000000      0x330 ./system/src/stm32f4-hal/stm32f4xx_hal.o
 .debug_line    0x00000330      0x30f ./system/src/stm32f4-hal/stm32f4xx_hal_cortex.o
 .debug_line    0x0000063f      0x32c ./system/src/stm32f4-hal/stm32f4xx_hal_gpio.o
 .debug_line    0x0000096b      0x522 ./system/src/stm32f4-hal/stm32f4xx_hal_rcc.o
 .debug_line    0x00000e8d      0xabe ./system/src/stm32f4-hal/stm32f4xx_hal_spi.o
 .debug_line    0x0000194b      0x982 ./system/src/stm32f4-hal/stm32f4xx_hal_uart.o
 .debug_line    0x000022cd      0x129 ./system/src/newlib/_exit.o
 .debug_line    0x000023f6      0x112 ./system/src/newlib/_startup.o
 .debug_line    0x00002508      0x320 ./system/src/newlib/_syscalls.o
 .debug_line    0x00002828      0x160 ./system/src/cortexm/_initialize_hardware.o
 .debug_line    0x00002988      0x158 ./system/src/cortexm/_reset_hardware.o
 .debug_line    0x00002ae0       0x8d ./system/src/cortexm/exception_handlers.o
 .debug_line    0x00002b6d      0x172 ./system/src/cmsis/system_stm32f4xx.o
 .debug_line    0x00002cdf       0x5d ./system/src/cmsis/vectors_stm32f4xx.o
 .debug_line    0x00002d3c       0xf4 ./src/lcd/lib_FONT_Table_m.o
 .debug_line    0x00002e30      0x52a ./src/lcd/lib_S1D15705_m.o
 .debug_line    0x0000335a      0x239 ./src/bsp/lis3dsh.o
 .debug_line    0x00003593      0x43b ./src/bsp/stm32f4_discovery.o
 .debug_line    0x000039ce      0x1ed ./src/bsp/stm32f4_discovery_accelerometer.o
 .debug_line    0x00003bbb      0x33a ./src/main_chisel.o
 .debug_line    0x00003ef5      0x1f8 ./src/stm32f4xx_hal_msp.o
 .debug_line    0x000040ed      0x237 ./src/stm32f4xx_it.o

.debug_frame    0x00000000     0x1780
 *(.debug_frame)
 .debug_frame   0x00000000      0x184 ./system/src/stm32f4-hal/stm32f4xx_hal.o
 .debug_frame   0x00000184      0x124 ./system/src/stm32f4-hal/stm32f4xx_hal_cortex.o
 .debug_frame   0x000002a8       0xc0 ./system/src/stm32f4-hal/stm32f4xx_hal_gpio.o
 .debug_frame   0x00000368      0x154 ./system/src/stm32f4-hal/stm32f4xx_hal_rcc.o
 .debug_frame   0x000004bc      0x390 ./system/src/stm32f4-hal/stm32f4xx_hal_spi.o
 .debug_frame   0x0000084c      0x308 ./system/src/stm32f4-hal/stm32f4xx_hal_uart.o
 .debug_frame   0x00000b54       0x40 ./system/src/newlib/_exit.o
 .debug_frame   0x00000b94       0x80 ./system/src/newlib/_startup.o
 .debug_frame   0x00000c14      0x230 ./system/src/newlib/_syscalls.o
 .debug_frame   0x00000e44       0x30 ./system/src/cortexm/_initialize_hardware.o
 .debug_frame   0x00000e74       0x20 ./system/src/cortexm/_reset_hardware.o
 .debug_frame   0x00000e94       0xb0 ./system/src/cortexm/exception_handlers.o
 .debug_frame   0x00000f44       0x30 ./system/src/cmsis/system_stm32f4xx.o
 .debug_frame   0x00000f74       0x20 ./system/src/cmsis/vectors_stm32f4xx.o
 .debug_frame   0x00000f94      0x2f0 ./src/lcd/lib_S1D15705_m.o
 .debug_frame   0x00001284      0x114 ./src/bsp/lis3dsh.o
 .debug_frame   0x00001398      0x1f8 ./src/bsp/stm32f4_discovery.o
 .debug_frame   0x00001590       0x78 ./src/bsp/stm32f4_discovery_accelerometer.o
 .debug_frame   0x00001608       0x64 ./src/main_chisel.o
 .debug_frame   0x0000166c       0x54 ./src/stm32f4xx_hal_msp.o
 .debug_frame   0x000016c0       0xc0 ./src/stm32f4xx_it.o

.debug_str      0x00000000     0x32eb
 *(.debug_str)
 .debug_str     0x00000000      0xa28 ./system/src/stm32f4-hal/stm32f4xx_hal.o
                                0xa85 (size before relaxing)
 .debug_str     0x00000a28      0x295 ./system/src/stm32f4-hal/stm32f4xx_hal_cortex.o
                                0xaef (size before relaxing)
 .debug_str     0x00000cbd      0x1ce ./system/src/stm32f4-hal/stm32f4xx_hal_gpio.o
                                0x4ed (size before relaxing)
 .debug_str     0x00000e8b      0x2dc ./system/src/stm32f4-hal/stm32f4xx_hal_rcc.o
                                0x6e0 (size before relaxing)
 .debug_str     0x00001167      0x856 ./system/src/stm32f4-hal/stm32f4xx_hal_spi.o
                                0xaea (size before relaxing)
 .debug_str     0x000019bd      0x516 ./system/src/stm32f4-hal/stm32f4xx_hal_uart.o
                                0xad0 (size before relaxing)
 .debug_str     0x00001ed3       0x56 ./system/src/newlib/_exit.o
                                0x1dd (size before relaxing)
 .debug_str     0x00001f29      0x1a9 ./system/src/newlib/_startup.o
                                0x358 (size before relaxing)
 .debug_str     0x000020d2      0x261 ./system/src/newlib/_syscalls.o
                                0x44d (size before relaxing)
 .debug_str     0x00002333       0x4e ./system/src/cortexm/_initialize_hardware.o
                                0x221 (size before relaxing)
 .debug_str     0x00002381       0x28 ./system/src/cortexm/_reset_hardware.o
                                0x275 (size before relaxing)
 .debug_str     0x000023a9       0xc9 ./system/src/cortexm/exception_handlers.o
                                0x1be (size before relaxing)
 .debug_str     0x00002472       0x31 ./system/src/cmsis/system_stm32f4xx.o
                                0x398 (size before relaxing)
 .debug_str     0x000024a3       0x57 ./system/src/cmsis/vectors_stm32f4xx.o
                                0x162 (size before relaxing)
 .debug_str     0x000024fa       0x32 ./src/lcd/lib_FONT_Table_m.o
                                0x1c6 (size before relaxing)
 .debug_str     0x0000252c      0x406 ./src/lcd/lib_S1D15705_m.o
                                0x7be (size before relaxing)
 .debug_str     0x00002932      0x2ad ./src/bsp/lis3dsh.o
                                0x4ae (size before relaxing)
 .debug_str     0x00002bdf      0x4c6 ./src/bsp/stm32f4_discovery.o
                               0x1387 (size before relaxing)
 .debug_str     0x000030a5      0x166 ./src/bsp/stm32f4_discovery_accelerometer.o
                                0x3c0 (size before relaxing)
 .debug_str     0x0000320b       0x9e ./src/main_chisel.o
                               0x1101 (size before relaxing)
 .debug_str     0x000032a9       0x1b ./src/stm32f4xx_hal_msp.o
                                0x841 (size before relaxing)
 .debug_str     0x000032c4       0x27 ./src/stm32f4xx_it.o
                                0x2e0 (size before relaxing)

.debug_loc      0x00000000     0x4d79
 *(.debug_loc)
 .debug_loc     0x00000000       0x5c ./system/src/stm32f4-hal/stm32f4xx_hal.o
 .debug_loc     0x0000005c      0x31e ./system/src/stm32f4-hal/stm32f4xx_hal_cortex.o
 .debug_loc     0x0000037a      0x373 ./system/src/stm32f4-hal/stm32f4xx_hal_gpio.o
 .debug_loc     0x000006ed      0x75f ./system/src/stm32f4-hal/stm32f4xx_hal_rcc.o
 .debug_loc     0x00000e4c     0x1259 ./system/src/stm32f4-hal/stm32f4xx_hal_spi.o
 .debug_loc     0x000020a5      0xe2e ./system/src/stm32f4-hal/stm32f4xx_hal_uart.o
 .debug_loc     0x00002ed3       0x21 ./system/src/newlib/_exit.o
 .debug_loc     0x00002ef4      0x31d ./system/src/newlib/_startup.o
 .debug_loc     0x00003211      0x549 ./system/src/newlib/_syscalls.o
 .debug_loc     0x0000375a       0xc8 ./system/src/cmsis/system_stm32f4xx.o
 .debug_loc     0x00003822      0xf50 ./src/lcd/lib_S1D15705_m.o
 .debug_loc     0x00004772      0x14e ./src/bsp/lis3dsh.o
 .debug_loc     0x000048c0      0x38e ./src/bsp/stm32f4_discovery.o
 .debug_loc     0x00004c4e       0xd0 ./src/bsp/stm32f4_discovery_accelerometer.o
 .debug_loc     0x00004d1e       0x3a ./src/main_chisel.o
 .debug_loc     0x00004d58       0x21 ./src/stm32f4xx_hal_msp.o

.debug_macinfo
 *(.debug_macinfo)

.debug_weaknames
 *(.debug_weaknames)

.debug_funcnames
 *(.debug_funcnames)

.debug_typenames
 *(.debug_typenames)

.debug_varnames
 *(.debug_varnames)
OUTPUT(Chisel.elf elf32-littlearm)

.debug_ranges   0x00000000      0xa48
 .debug_ranges  0x00000000       0xb0 ./system/src/stm32f4-hal/stm32f4xx_hal.o
 .debug_ranges  0x000000b0      0x118 ./system/src/stm32f4-hal/stm32f4xx_hal_cortex.o
 .debug_ranges  0x000001c8       0x48 ./system/src/stm32f4-hal/stm32f4xx_hal_gpio.o
 .debug_ranges  0x00000210       0x78 ./system/src/stm32f4-hal/stm32f4xx_hal_rcc.o
 .debug_ranges  0x00000288      0x150 ./system/src/stm32f4-hal/stm32f4xx_hal_spi.o
 .debug_ranges  0x000003d8      0x128 ./system/src/stm32f4-hal/stm32f4xx_hal_uart.o
 .debug_ranges  0x00000500       0x18 ./system/src/newlib/_exit.o
 .debug_ranges  0x00000518       0x48 ./system/src/newlib/_startup.o
 .debug_ranges  0x00000560       0xc0 ./system/src/newlib/_syscalls.o
 .debug_ranges  0x00000620       0x18 ./system/src/cortexm/_initialize_hardware.o
 .debug_ranges  0x00000638       0x10 ./system/src/cortexm/_reset_hardware.o
 .debug_ranges  0x00000648       0x58 ./system/src/cortexm/exception_handlers.o
 .debug_ranges  0x000006a0       0x18 ./system/src/cmsis/system_stm32f4xx.o
 .debug_ranges  0x000006b8       0x10 ./system/src/cmsis/vectors_stm32f4xx.o
 .debug_ranges  0x000006c8      0x188 ./src/lcd/lib_S1D15705_m.o
 .debug_ranges  0x00000850       0x50 ./src/bsp/lis3dsh.o
 .debug_ranges  0x000008a0       0xc0 ./src/bsp/stm32f4_discovery.o
 .debug_ranges  0x00000960       0x38 ./src/bsp/stm32f4_discovery_accelerometer.o
 .debug_ranges  0x00000998       0x38 ./src/main_chisel.o
 .debug_ranges  0x000009d0       0x20 ./src/stm32f4xx_hal_msp.o
 .debug_ranges  0x000009f0       0x58 ./src/stm32f4xx_it.o
